Component: ARM Compiler 5.06 update 1 (build 61) Tool: armlink [4d35a8]

==============================================================================

Section Cross References

    main.o(.text) refers to system_gd32f1x0.o(.text) for SystemCoreClockUpdate
    main.o(.text) refers to gd32f1x0_misc.o(.text) for nvic_irq_enable
    main.o(.text) refers to driver.o(.text) for UART1_Init
    main.o(.text) refers to sg.o(.text) for SG_Init
    main.o(.text) refers to driver.o(.data) for UART_Receive_Cmd_Stastu
    sg.o(.text) refers to ffltui.o(.text) for __aeabi_ui2f
    sg.o(.text) refers to fdiv.o(.text) for __aeabi_fdiv
    sg.o(.text) refers to ffixui.o(.text) for __aeabi_f2uiz
    sg.o(.text) refers to fadd.o(.text) for __aeabi_fadd
    sg.o(.text) refers to fflti.o(.text) for __aeabi_i2f
    sg.o(.text) refers to fmul.o(.text) for __aeabi_fmul
    sg.o(.text) refers to driver.o(.text) for UART_Send
    sg.o(.text) refers to sg.o(.data) for .data
    sg.o(.text) refers to driver.o(.data) for Buf_Busy
    sg.o(.text) refers to driver.o(.bss) for UART_RX_BUF
    driver.o(.text) refers to gd32f1x0_rcu.o(.text) for rcu_periph_clock_enable
    driver.o(.text) refers to gd32f1x0_gpio.o(.text) for gpio_af_set
    driver.o(.text) refers to gd32f1x0_usart.o(.text) for usart_deinit
    driver.o(.text) refers to gd32f1x0_timer.o(.text) for timer_deinit
    driver.o(.text) refers to gd32f1x0_dma.o(.text) for dma_deinit
    driver.o(.text) refers to memcpya.o(.text) for __aeabi_memcpy4
    driver.o(.text) refers to gd32f1x0_dac.o(.text) for dac0_trigger_source_config
    driver.o(.text) refers to driver.o(.bss) for .bss
    driver.o(.text) refers to sg.o(.data) for DMA_BUFF1
    driver.o(.text) refers to driver.o(.data) for .data
    system_gd32f1x0.o(.text) refers to system_gd32f1x0.o(.data) for .data
    gd32f1x0_dac.o(.text) refers to gd32f1x0_rcu.o(.text) for rcu_periph_reset_enable
    gd32f1x0_gpio.o(.text) refers to gd32f1x0_rcu.o(.text) for rcu_periph_reset_enable
    gd32f1x0_syscfg.o(.text) refers to gd32f1x0_rcu.o(.text) for rcu_periph_reset_enable
    gd32f1x0_timer.o(.text) refers to gd32f1x0_rcu.o(.text) for rcu_periph_reset_enable
    gd32f1x0_usart.o(.text) refers to gd32f1x0_rcu.o(.text) for rcu_periph_reset_enable
    startup_gd32f1x0.o(RESET) refers to startup_gd32f1x0.o(STACK) for __initial_sp
    startup_gd32f1x0.o(RESET) refers to startup_gd32f1x0.o(.text) for Reset_Handler
    startup_gd32f1x0.o(RESET) refers to gd32f1x0_it.o(.text) for NMI_Handler
    startup_gd32f1x0.o(RESET) refers to driver.o(.text) for DMA_Channel1_2_IRQHandler
    startup_gd32f1x0.o(.text) refers to system_gd32f1x0.o(.text) for SystemInit
    startup_gd32f1x0.o(.text) refers to entry.o(.ARM.Collect$$$$00000000) for __main
    entry.o(.ARM.Collect$$$$00000000) refers (Special) to entry10a.o(.ARM.Collect$$$$0000000D) for __rt_final_cpp
    entry.o(.ARM.Collect$$$$00000000) refers (Special) to entry11a.o(.ARM.Collect$$$$0000000F) for __rt_final_exit
    entry.o(.ARM.Collect$$$$00000000) refers (Special) to entry7b.o(.ARM.Collect$$$$00000008) for _main_clock
    entry.o(.ARM.Collect$$$$00000000) refers (Special) to entry8b.o(.ARM.Collect$$$$0000000A) for _main_cpp_init
    entry.o(.ARM.Collect$$$$00000000) refers (Special) to entry9a.o(.ARM.Collect$$$$0000000B) for _main_init
    entry.o(.ARM.Collect$$$$00000000) refers (Special) to entry5.o(.ARM.Collect$$$$00000004) for _main_scatterload
    entry.o(.ARM.Collect$$$$00000000) refers (Special) to entry2.o(.ARM.Collect$$$$00000001) for _main_stk
    fadd.o(.text) refers (Special) to iusefp.o(.text) for __I$use$fp
    fadd.o(.text) refers to fepilogue.o(.text) for _float_epilogue
    fmul.o(.text) refers (Special) to iusefp.o(.text) for __I$use$fp
    fdiv.o(.text) refers (Special) to iusefp.o(.text) for __I$use$fp
    fdiv.o(.text) refers to fepilogue.o(.text) for _float_round
    fflti.o(.text) refers (Special) to iusefp.o(.text) for __I$use$fp
    fflti.o(.text) refers to fepilogue.o(.text) for _float_epilogue
    ffltui.o(.text) refers (Special) to iusefp.o(.text) for __I$use$fp
    ffltui.o(.text) refers to fepilogue.o(.text) for _float_epilogue
    ffixui.o(.text) refers (Special) to iusefp.o(.text) for __I$use$fp
    entry2.o(.ARM.Collect$$$$00000001) refers to entry2.o(.ARM.Collect$$$$00002712) for __lit__00000000
    entry2.o(.ARM.Collect$$$$00002712) refers to startup_gd32f1x0.o(STACK) for __initial_sp
    entry2.o(__vectab_stack_and_reset_area) refers to startup_gd32f1x0.o(STACK) for __initial_sp
    entry2.o(__vectab_stack_and_reset_area) refers to entry.o(.ARM.Collect$$$$00000000) for __main
    entry5.o(.ARM.Collect$$$$00000004) refers to init.o(.text) for __scatterload
    entry9a.o(.ARM.Collect$$$$0000000B) refers to main.o(.text) for main
    entry9b.o(.ARM.Collect$$$$0000000C) refers to main.o(.text) for main
    init.o(.text) refers to entry5.o(.ARM.Collect$$$$00000004) for __main_after_scatterload


==============================================================================

Removing Unused input sections from the image.

    Removing main.o(.rev16_text), (4 bytes).
    Removing main.o(.revsh_text), (4 bytes).
    Removing sg.o(.rev16_text), (4 bytes).
    Removing sg.o(.revsh_text), (4 bytes).
    Removing driver.o(.rev16_text), (4 bytes).
    Removing driver.o(.revsh_text), (4 bytes).
    Removing gd32f1x0_it.o(.rev16_text), (4 bytes).
    Removing gd32f1x0_it.o(.revsh_text), (4 bytes).
    Removing system_gd32f1x0.o(.rev16_text), (4 bytes).
    Removing system_gd32f1x0.o(.revsh_text), (4 bytes).
    Removing gd32f1x0_dac.o(.rev16_text), (4 bytes).
    Removing gd32f1x0_dac.o(.revsh_text), (4 bytes).
    Removing gd32f1x0_dbg.o(.rev16_text), (4 bytes).
    Removing gd32f1x0_dbg.o(.revsh_text), (4 bytes).
    Removing gd32f1x0_dbg.o(.text), (84 bytes).
    Removing gd32f1x0_dma.o(.rev16_text), (4 bytes).
    Removing gd32f1x0_dma.o(.revsh_text), (4 bytes).
    Removing gd32f1x0_fwdgt.o(.rev16_text), (4 bytes).
    Removing gd32f1x0_fwdgt.o(.revsh_text), (4 bytes).
    Removing gd32f1x0_fwdgt.o(.text), (168 bytes).
    Removing gd32f1x0_gpio.o(.rev16_text), (4 bytes).
    Removing gd32f1x0_gpio.o(.revsh_text), (4 bytes).
    Removing gd32f1x0_rcu.o(.rev16_text), (4 bytes).
    Removing gd32f1x0_rcu.o(.revsh_text), (4 bytes).
    Removing gd32f1x0_syscfg.o(.rev16_text), (4 bytes).
    Removing gd32f1x0_syscfg.o(.revsh_text), (4 bytes).
    Removing gd32f1x0_syscfg.o(.text), (192 bytes).
    Removing gd32f1x0_timer.o(.rev16_text), (4 bytes).
    Removing gd32f1x0_timer.o(.revsh_text), (4 bytes).
    Removing gd32f1x0_usart.o(.rev16_text), (4 bytes).
    Removing gd32f1x0_usart.o(.revsh_text), (4 bytes).
    Removing gd32f1x0_misc.o(.rev16_text), (4 bytes).
    Removing gd32f1x0_misc.o(.revsh_text), (4 bytes).
    Removing startup_gd32f1x0.o(HEAP), (1024 bytes).

34 unused section(s) (total 1588 bytes) removed from the image.

==============================================================================

Image Symbol Table

    Local Symbols

    Symbol Name                              Value     Ov Type        Size  Object(Section)

    ../clib/../cmprslib/lz77c.c              0x00000000   Number         0  __dclz77c.o ABSOLUTE
    ../clib/microlib/init/entry.s            0x00000000   Number         0  entry11a.o ABSOLUTE
    ../clib/microlib/init/entry.s            0x00000000   Number         0  entry10b.o ABSOLUTE
    ../clib/microlib/init/entry.s            0x00000000   Number         0  entry10a.o ABSOLUTE
    ../clib/microlib/init/entry.s            0x00000000   Number         0  entry9b.o ABSOLUTE
    ../clib/microlib/init/entry.s            0x00000000   Number         0  entry9a.o ABSOLUTE
    ../clib/microlib/init/entry.s            0x00000000   Number         0  entry8b.o ABSOLUTE
    ../clib/microlib/init/entry.s            0x00000000   Number         0  entry8a.o ABSOLUTE
    ../clib/microlib/init/entry.s            0x00000000   Number         0  entry11b.o ABSOLUTE
    ../clib/microlib/init/entry.s            0x00000000   Number         0  entry.o ABSOLUTE
    ../clib/microlib/init/entry.s            0x00000000   Number         0  entry7b.o ABSOLUTE
    ../clib/microlib/init/entry.s            0x00000000   Number         0  entry7a.o ABSOLUTE
    ../clib/microlib/init/entry.s            0x00000000   Number         0  entry5.o ABSOLUTE
    ../clib/microlib/init/entry.s            0x00000000   Number         0  entry2.o ABSOLUTE
    ../clib/microlib/string/memcpy.c         0x00000000   Number         0  memcpya.o ABSOLUTE
    ../clib/microlib/string/memcpy.c         0x00000000   Number         0  memcpyb.o ABSOLUTE
    ../clib/microlib/stubs.s                 0x00000000   Number         0  iusefp.o ABSOLUTE
    ../fplib/microlib/fpadd.c                0x00000000   Number         0  fadd.o ABSOLUTE
    ../fplib/microlib/fpdiv.c                0x00000000   Number         0  fdiv.o ABSOLUTE
    ../fplib/microlib/fpepilogue.c           0x00000000   Number         0  fepilogue.o ABSOLUTE
    ../fplib/microlib/fpfix.c                0x00000000   Number         0  ffixui.o ABSOLUTE
    ../fplib/microlib/fpflt.c                0x00000000   Number         0  fflti.o ABSOLUTE
    ../fplib/microlib/fpflt.c                0x00000000   Number         0  ffltui.o ABSOLUTE
    ../fplib/microlib/fpmul.c                0x00000000   Number         0  fmul.o ABSOLUTE
    ..\\apps\\src\\SG.c                      0x00000000   Number         0  sg.o ABSOLUTE
    ..\\apps\\src\\main.c                    0x00000000   Number         0  main.o ABSOLUTE
    ..\\bsp\\src\\Driver.c                   0x00000000   Number         0  driver.o ABSOLUTE
    ..\\hardware\\GD32F1X0\\CMSIS\\Source\\gd32f1x0_it.c 0x00000000   Number         0  gd32f1x0_it.o ABSOLUTE
    ..\\hardware\\GD32F1X0\\CMSIS\\Source\\system_gd32f1x0.c 0x00000000   Number         0  system_gd32f1x0.o ABSOLUTE
    ..\\hardware\\GD32F1X0\\Library\\Source\\gd32f1x0_dac.c 0x00000000   Number         0  gd32f1x0_dac.o ABSOLUTE
    ..\\hardware\\GD32F1X0\\Library\\Source\\gd32f1x0_dbg.c 0x00000000   Number         0  gd32f1x0_dbg.o ABSOLUTE
    ..\\hardware\\GD32F1X0\\Library\\Source\\gd32f1x0_dma.c 0x00000000   Number         0  gd32f1x0_dma.o ABSOLUTE
    ..\\hardware\\GD32F1X0\\Library\\Source\\gd32f1x0_fwdgt.c 0x00000000   Number         0  gd32f1x0_fwdgt.o ABSOLUTE
    ..\\hardware\\GD32F1X0\\Library\\Source\\gd32f1x0_gpio.c 0x00000000   Number         0  gd32f1x0_gpio.o ABSOLUTE
    ..\\hardware\\GD32F1X0\\Library\\Source\\gd32f1x0_misc.c 0x00000000   Number         0  gd32f1x0_misc.o ABSOLUTE
    ..\\hardware\\GD32F1X0\\Library\\Source\\gd32f1x0_rcu.c 0x00000000   Number         0  gd32f1x0_rcu.o ABSOLUTE
    ..\\hardware\\GD32F1X0\\Library\\Source\\gd32f1x0_syscfg.c 0x00000000   Number         0  gd32f1x0_syscfg.o ABSOLUTE
    ..\\hardware\\GD32F1X0\\Library\\Source\\gd32f1x0_timer.c 0x00000000   Number         0  gd32f1x0_timer.o ABSOLUTE
    ..\\hardware\\GD32F1X0\\Library\\Source\\gd32f1x0_usart.c 0x00000000   Number         0  gd32f1x0_usart.o ABSOLUTE
    ..\apps\src\SG.c                         0x00000000   Number         0  sg.o ABSOLUTE
    ..\apps\src\main.c                       0x00000000   Number         0  main.o ABSOLUTE
    ..\bsp\src\Driver.c                      0x00000000   Number         0  driver.o ABSOLUTE
    ..\hardware\GD32F1X0\CMSIS\Source\gd32f1x0_it.c 0x00000000   Number         0  gd32f1x0_it.o ABSOLUTE
    ..\hardware\GD32F1X0\CMSIS\Source\system_gd32f1x0.c 0x00000000   Number         0  system_gd32f1x0.o ABSOLUTE
    ..\hardware\GD32F1X0\Library\Source\gd32f1x0_dac.c 0x00000000   Number         0  gd32f1x0_dac.o ABSOLUTE
    ..\hardware\GD32F1X0\Library\Source\gd32f1x0_dbg.c 0x00000000   Number         0  gd32f1x0_dbg.o ABSOLUTE
    ..\hardware\GD32F1X0\Library\Source\gd32f1x0_dma.c 0x00000000   Number         0  gd32f1x0_dma.o ABSOLUTE
    ..\hardware\GD32F1X0\Library\Source\gd32f1x0_fwdgt.c 0x00000000   Number         0  gd32f1x0_fwdgt.o ABSOLUTE
    ..\hardware\GD32F1X0\Library\Source\gd32f1x0_gpio.c 0x00000000   Number         0  gd32f1x0_gpio.o ABSOLUTE
    ..\hardware\GD32F1X0\Library\Source\gd32f1x0_misc.c 0x00000000   Number         0  gd32f1x0_misc.o ABSOLUTE
    ..\hardware\GD32F1X0\Library\Source\gd32f1x0_rcu.c 0x00000000   Number         0  gd32f1x0_rcu.o ABSOLUTE
    ..\hardware\GD32F1X0\Library\Source\gd32f1x0_syscfg.c 0x00000000   Number         0  gd32f1x0_syscfg.o ABSOLUTE
    ..\hardware\GD32F1X0\Library\Source\gd32f1x0_timer.c 0x00000000   Number         0  gd32f1x0_timer.o ABSOLUTE
    ..\hardware\GD32F1X0\Library\Source\gd32f1x0_usart.c 0x00000000   Number         0  gd32f1x0_usart.o ABSOLUTE
    ..\hardware\GD32F1X0\Startup\ARM\GD32F150G8\startup_gd32f1x0.s 0x00000000   Number         0  startup_gd32f1x0.o ABSOLUTE
    dc.s                                     0x00000000   Number         0  dc.o ABSOLUTE
    handlers.s                               0x00000000   Number         0  handlers.o ABSOLUTE
    init.s                                   0x00000000   Number         0  init.o ABSOLUTE
    RESET                                    0x08000000   Section      360  startup_gd32f1x0.o(RESET)
    .ARM.Collect$$$$00000000                 0x08000168   Section        0  entry.o(.ARM.Collect$$$$00000000)
    .ARM.Collect$$$$00000001                 0x08000168   Section        4  entry2.o(.ARM.Collect$$$$00000001)
    .ARM.Collect$$$$00000004                 0x0800016c   Section        4  entry5.o(.ARM.Collect$$$$00000004)
    .ARM.Collect$$$$00000008                 0x08000170   Section        0  entry7b.o(.ARM.Collect$$$$00000008)
    .ARM.Collect$$$$0000000A                 0x08000170   Section        0  entry8b.o(.ARM.Collect$$$$0000000A)
    .ARM.Collect$$$$0000000B                 0x08000170   Section        8  entry9a.o(.ARM.Collect$$$$0000000B)
    .ARM.Collect$$$$0000000D                 0x08000178   Section        0  entry10a.o(.ARM.Collect$$$$0000000D)
    .ARM.Collect$$$$0000000F                 0x08000178   Section        0  entry11a.o(.ARM.Collect$$$$0000000F)
    .ARM.Collect$$$$00002712                 0x08000178   Section        4  entry2.o(.ARM.Collect$$$$00002712)
    __lit__00000000                          0x08000178   Data           4  entry2.o(.ARM.Collect$$$$00002712)
    .text                                    0x0800017c   Section        0  main.o(.text)
    .text                                    0x080001dc   Section        0  sg.o(.text)
    .text                                    0x080006e0   Section        0  driver.o(.text)
    .text                                    0x08000b12   Section        0  gd32f1x0_it.o(.text)
    .text                                    0x08000b24   Section        0  system_gd32f1x0.o(.text)
    system_clock_72m_irc8m                   0x08000be1   Thumb Code    68  system_gd32f1x0.o(.text)
    .text                                    0x08000c58   Section        0  gd32f1x0_dac.o(.text)
    .text                                    0x08000d8c   Section        0  gd32f1x0_dma.o(.text)
    .text                                    0x08001050   Section        0  gd32f1x0_gpio.o(.text)
    .text                                    0x080011dc   Section        0  gd32f1x0_rcu.o(.text)
    .text                                    0x080017a4   Section        0  gd32f1x0_timer.o(.text)
    .text                                    0x08002348   Section        0  gd32f1x0_usart.o(.text)
    .text                                    0x08002928   Section        0  gd32f1x0_misc.o(.text)
    .text                                    0x08002a18   Section       36  startup_gd32f1x0.o(.text)
    .text                                    0x08002a3c   Section        0  memcpya.o(.text)
    .text                                    0x08002a60   Section        0  fadd.o(.text)
    .text                                    0x08002b10   Section        0  fmul.o(.text)
    .text                                    0x08002b74   Section        0  fdiv.o(.text)
    .text                                    0x08002bf0   Section        0  fflti.o(.text)
    .text                                    0x08002c02   Section        0  ffltui.o(.text)
    .text                                    0x08002c0c   Section        0  ffixui.o(.text)
    .text                                    0x08002c34   Section        0  iusefp.o(.text)
    .text                                    0x08002c34   Section        0  fepilogue.o(.text)
    .text                                    0x08002ca4   Section       36  init.o(.text)
    .text                                    0x08002cc8   Section        0  __dclz77c.o(.text)
    i.__scatterload_copy                     0x08002d26   Section       14  handlers.o(i.__scatterload_copy)
    i.__scatterload_null                     0x08002d34   Section        2  handlers.o(i.__scatterload_null)
    i.__scatterload_zeroinit                 0x08002d36   Section       14  handlers.o(i.__scatterload_zeroinit)
    .data                                    0x20000000   Section     1500  sg.o(.data)
    .data                                    0x200005dc   Section        6  driver.o(.data)
    .data                                    0x200005e4   Section        4  system_gd32f1x0.o(.data)
    .bss                                     0x200005e8   Section      100  driver.o(.bss)
    STACK                                    0x20000650   Section     1024  startup_gd32f1x0.o(STACK)

    Global Symbols

    Symbol Name                              Value     Ov Type        Size  Object(Section)

    BuildAttributes$$THM_ISAv4$P$D$K$B$S$PE$A:L22UL41UL21$X:L11$S22US41US21$IEEE1$IW$USESV6$~STKCKD$USESV7$~SHL$OTIME$ROPI$EBA8$MICROLIB$REQ8$PRES8$EABIv2 0x00000000   Number         0  anon$$obj.o ABSOLUTE
    __ARM_use_no_argv                        0x00000000   Number         0  main.o ABSOLUTE
    __cpp_initialize__aeabi_                  - Undefined Weak Reference
    __cxa_finalize                            - Undefined Weak Reference
    _clock_init                               - Undefined Weak Reference
    _microlib_exit                            - Undefined Weak Reference
    __Vectors_Size                           0x00000168   Number         0  startup_gd32f1x0.o ABSOLUTE
    __Vectors                                0x08000000   Data           4  startup_gd32f1x0.o(RESET)
    __Vectors_End                            0x08000168   Data           0  startup_gd32f1x0.o(RESET)
    __main                                   0x08000169   Thumb Code     0  entry.o(.ARM.Collect$$$$00000000)
    _main_stk                                0x08000169   Thumb Code     0  entry2.o(.ARM.Collect$$$$00000001)
    _main_scatterload                        0x0800016d   Thumb Code     0  entry5.o(.ARM.Collect$$$$00000004)
    __main_after_scatterload                 0x08000171   Thumb Code     0  entry5.o(.ARM.Collect$$$$00000004)
    _main_clock                              0x08000171   Thumb Code     0  entry7b.o(.ARM.Collect$$$$00000008)
    _main_cpp_init                           0x08000171   Thumb Code     0  entry8b.o(.ARM.Collect$$$$0000000A)
    _main_init                               0x08000171   Thumb Code     0  entry9a.o(.ARM.Collect$$$$0000000B)
    __rt_final_cpp                           0x08000179   Thumb Code     0  entry10a.o(.ARM.Collect$$$$0000000D)
    __rt_final_exit                          0x08000179   Thumb Code     0  entry11a.o(.ARM.Collect$$$$0000000F)
    main                                     0x0800017d   Thumb Code    88  main.o(.text)
    SG_Init                                  0x080001dd   Thumb Code    46  sg.o(.text)
    Calculate_Ref_Signal                     0x0800020b   Thumb Code   580  sg.o(.text)
    Update_DMA_BUFF                          0x0800044f   Thumb Code   166  sg.o(.text)
    Decode_UART_CMD                          0x080004f5   Thumb Code   492  sg.o(.text)
    LED_SW                                   0x080006e1   Thumb Code    74  driver.o(.text)
    LED_Init                                 0x0800072b   Thumb Code   210  driver.o(.text)
    UART1_Init                               0x080007fd   Thumb Code   146  driver.o(.text)
    fputc                                    0x0800088f   Thumb Code    36  driver.o(.text)
    Timer5_Init                              0x080008b3   Thumb Code    78  driver.o(.text)
    DMA_Init                                 0x08000901   Thumb Code   106  driver.o(.text)
    DAC0_Init                                0x0800096b   Thumb Code    62  driver.o(.text)
    USART1_IRQHandler                        0x080009a9   Thumb Code   134  driver.o(.text)
    UART_Send                                0x08000a2f   Thumb Code    64  driver.o(.text)
    DMA_Channel1_2_IRQHandler                0x08000a6f   Thumb Code   164  driver.o(.text)
    NMI_Handler                              0x08000b13   Thumb Code     2  gd32f1x0_it.o(.text)
    HardFault_Handler                        0x08000b15   Thumb Code     2  gd32f1x0_it.o(.text)
    MemManage_Handler                        0x08000b17   Thumb Code     2  gd32f1x0_it.o(.text)
    BusFault_Handler                         0x08000b19   Thumb Code     2  gd32f1x0_it.o(.text)
    UsageFault_Handler                       0x08000b1b   Thumb Code     2  gd32f1x0_it.o(.text)
    SVC_Handler                              0x08000b1d   Thumb Code     2  gd32f1x0_it.o(.text)
    DebugMon_Handler                         0x08000b1f   Thumb Code     2  gd32f1x0_it.o(.text)
    PendSV_Handler                           0x08000b21   Thumb Code     2  gd32f1x0_it.o(.text)
    SystemInit                               0x08000b25   Thumb Code    82  system_gd32f1x0.o(.text)
    SystemCoreClockUpdate                    0x08000b77   Thumb Code   106  system_gd32f1x0.o(.text)
    dac_deinit                               0x08000c59   Thumb Code    22  gd32f1x0_dac.o(.text)
    dac0_enable                              0x08000c6f   Thumb Code    12  gd32f1x0_dac.o(.text)
    dac0_disable                             0x08000c7b   Thumb Code    12  gd32f1x0_dac.o(.text)
    dac0_dma_enable                          0x08000c87   Thumb Code    12  gd32f1x0_dac.o(.text)
    dac0_dma_disable                         0x08000c93   Thumb Code    12  gd32f1x0_dac.o(.text)
    dac0_output_buffer_enable                0x08000c9f   Thumb Code    12  gd32f1x0_dac.o(.text)
    dac0_output_buffer_disable               0x08000cab   Thumb Code    12  gd32f1x0_dac.o(.text)
    dac0_trigger_enable                      0x08000cb7   Thumb Code    12  gd32f1x0_dac.o(.text)
    dac0_trigger_disable                     0x08000cc3   Thumb Code    12  gd32f1x0_dac.o(.text)
    dac0_software_trigger_enable             0x08000ccf   Thumb Code    14  gd32f1x0_dac.o(.text)
    dac0_software_trigger_disable            0x08000cdd   Thumb Code    14  gd32f1x0_dac.o(.text)
    dac0_interrupt_enable                    0x08000ceb   Thumb Code    12  gd32f1x0_dac.o(.text)
    dac0_interrupt_disable                   0x08000cf7   Thumb Code    12  gd32f1x0_dac.o(.text)
    dac0_trigger_source_config               0x08000d03   Thumb Code    18  gd32f1x0_dac.o(.text)
    dac0_output_value_get                    0x08000d15   Thumb Code    10  gd32f1x0_dac.o(.text)
    dac0_flag_get                            0x08000d1f   Thumb Code    18  gd32f1x0_dac.o(.text)
    dac0_flag_clear                          0x08000d31   Thumb Code    14  gd32f1x0_dac.o(.text)
    dac0_interrupt_flag_get                  0x08000d3f   Thumb Code    30  gd32f1x0_dac.o(.text)
    dac0_interrupt_flag_clear                0x08000d5d   Thumb Code    12  gd32f1x0_dac.o(.text)
    dac0_data_set                            0x08000d69   Thumb Code    30  gd32f1x0_dac.o(.text)
    dma_deinit                               0x08000d8d   Thumb Code    42  gd32f1x0_dma.o(.text)
    dma_init                                 0x08000db7   Thumb Code   106  gd32f1x0_dma.o(.text)
    dma_circulation_enable                   0x08000e21   Thumb Code    20  gd32f1x0_dma.o(.text)
    dma_circulation_disable                  0x08000e35   Thumb Code    20  gd32f1x0_dma.o(.text)
    dma_memory_to_memory_enable              0x08000e49   Thumb Code    20  gd32f1x0_dma.o(.text)
    dma_memory_to_memory_disable             0x08000e5d   Thumb Code    20  gd32f1x0_dma.o(.text)
    dma_channel_enable                       0x08000e71   Thumb Code    20  gd32f1x0_dma.o(.text)
    dma_channel_disable                      0x08000e85   Thumb Code    20  gd32f1x0_dma.o(.text)
    dma_periph_address_config                0x08000e99   Thumb Code    14  gd32f1x0_dma.o(.text)
    dma_memory_address_config                0x08000ea7   Thumb Code    14  gd32f1x0_dma.o(.text)
    dma_transfer_number_config               0x08000eb5   Thumb Code    14  gd32f1x0_dma.o(.text)
    dma_transfer_number_get                  0x08000ec3   Thumb Code    14  gd32f1x0_dma.o(.text)
    dma_priority_config                      0x08000ed1   Thumb Code    22  gd32f1x0_dma.o(.text)
    dma_memory_width_config                  0x08000ee7   Thumb Code    22  gd32f1x0_dma.o(.text)
    dma_periph_width_config                  0x08000efd   Thumb Code    22  gd32f1x0_dma.o(.text)
    dma_memory_increase_enable               0x08000f13   Thumb Code    20  gd32f1x0_dma.o(.text)
    dma_memory_increase_disable              0x08000f27   Thumb Code    20  gd32f1x0_dma.o(.text)
    dma_periph_increase_enable               0x08000f3b   Thumb Code    20  gd32f1x0_dma.o(.text)
    dma_periph_increase_disable              0x08000f4f   Thumb Code    20  gd32f1x0_dma.o(.text)
    dma_transfer_direction_config            0x08000f63   Thumb Code    30  gd32f1x0_dma.o(.text)
    dma_interrupt_flag_get                   0x08000f81   Thumb Code   120  gd32f1x0_dma.o(.text)
    dma_interrupt_flag_clear                 0x08000ff9   Thumb Code    14  gd32f1x0_dma.o(.text)
    dma_interrupt_enable                     0x08001007   Thumb Code    18  gd32f1x0_dma.o(.text)
    dma_interrupt_disable                    0x08001019   Thumb Code    18  gd32f1x0_dma.o(.text)
    dma_flag_get                             0x0800102b   Thumb Code    20  gd32f1x0_dma.o(.text)
    dma_flag_clear                           0x0800103f   Thumb Code    14  gd32f1x0_dma.o(.text)
    gpio_deinit                              0x08001051   Thumb Code    82  gd32f1x0_gpio.o(.text)
    gpio_mode_set                            0x080010a3   Thumb Code    70  gd32f1x0_gpio.o(.text)
    gpio_output_options_set                  0x080010e9   Thumb Code    64  gd32f1x0_gpio.o(.text)
    gpio_bit_set                             0x08001129   Thumb Code     4  gd32f1x0_gpio.o(.text)
    gpio_bit_reset                           0x0800112d   Thumb Code     4  gd32f1x0_gpio.o(.text)
    gpio_bit_write                           0x08001131   Thumb Code    10  gd32f1x0_gpio.o(.text)
    gpio_port_write                          0x0800113b   Thumb Code     4  gd32f1x0_gpio.o(.text)
    gpio_input_bit_get                       0x0800113f   Thumb Code    10  gd32f1x0_gpio.o(.text)
    gpio_input_port_get                      0x08001149   Thumb Code     6  gd32f1x0_gpio.o(.text)
    gpio_output_bit_get                      0x0800114f   Thumb Code    10  gd32f1x0_gpio.o(.text)
    gpio_output_port_get                     0x08001159   Thumb Code     6  gd32f1x0_gpio.o(.text)
    gpio_af_set                              0x0800115f   Thumb Code   102  gd32f1x0_gpio.o(.text)
    gpio_pin_lock                            0x080011c5   Thumb Code    16  gd32f1x0_gpio.o(.text)
    rcu_deinit                               0x080011dd   Thumb Code    80  gd32f1x0_rcu.o(.text)
    rcu_periph_clock_enable                  0x0800122d   Thumb Code    22  gd32f1x0_rcu.o(.text)
    rcu_periph_clock_disable                 0x08001243   Thumb Code    22  gd32f1x0_rcu.o(.text)
    rcu_periph_clock_sleep_enable            0x08001259   Thumb Code    22  gd32f1x0_rcu.o(.text)
    rcu_periph_clock_sleep_disable           0x0800126f   Thumb Code    22  gd32f1x0_rcu.o(.text)
    rcu_periph_reset_enable                  0x08001285   Thumb Code    22  gd32f1x0_rcu.o(.text)
    rcu_periph_reset_disable                 0x0800129b   Thumb Code    22  gd32f1x0_rcu.o(.text)
    rcu_bkp_reset_enable                     0x080012b1   Thumb Code    12  gd32f1x0_rcu.o(.text)
    rcu_bkp_reset_disable                    0x080012bd   Thumb Code    12  gd32f1x0_rcu.o(.text)
    rcu_system_clock_source_config           0x080012c9   Thumb Code    14  gd32f1x0_rcu.o(.text)
    rcu_system_clock_source_get              0x080012d7   Thumb Code    10  gd32f1x0_rcu.o(.text)
    rcu_ahb_clock_config                     0x080012e1   Thumb Code    14  gd32f1x0_rcu.o(.text)
    rcu_apb1_clock_config                    0x080012ef   Thumb Code    14  gd32f1x0_rcu.o(.text)
    rcu_apb2_clock_config                    0x080012fd   Thumb Code    14  gd32f1x0_rcu.o(.text)
    rcu_adc_clock_config                     0x0800130b   Thumb Code    78  gd32f1x0_rcu.o(.text)
    rcu_usbd_clock_config                    0x08001359   Thumb Code    18  gd32f1x0_rcu.o(.text)
    rcu_ckout_config                         0x0800136b   Thumb Code    16  gd32f1x0_rcu.o(.text)
    rcu_pll_config                           0x0800137b   Thumb Code    22  gd32f1x0_rcu.o(.text)
    rcu_usart_clock_config                   0x08001391   Thumb Code    18  gd32f1x0_rcu.o(.text)
    rcu_cec_clock_config                     0x080013a3   Thumb Code    18  gd32f1x0_rcu.o(.text)
    rcu_rtc_clock_config                     0x080013b5   Thumb Code    18  gd32f1x0_rcu.o(.text)
    rcu_hxtal_prediv_config                  0x080013c7   Thumb Code    14  gd32f1x0_rcu.o(.text)
    rcu_lxtal_drive_capability_config        0x080013d5   Thumb Code    18  gd32f1x0_rcu.o(.text)
    rcu_flag_get                             0x080013e7   Thumb Code    28  gd32f1x0_rcu.o(.text)
    rcu_all_reset_flag_clear                 0x08001403   Thumb Code    12  gd32f1x0_rcu.o(.text)
    rcu_interrupt_flag_get                   0x0800140f   Thumb Code    16  gd32f1x0_rcu.o(.text)
    rcu_interrupt_flag_clear                 0x0800141f   Thumb Code    10  gd32f1x0_rcu.o(.text)
    rcu_interrupt_enable                     0x08001429   Thumb Code    10  gd32f1x0_rcu.o(.text)
    rcu_interrupt_disable                    0x08001433   Thumb Code    10  gd32f1x0_rcu.o(.text)
    rcu_osci_stab_wait                       0x0800143d   Thumb Code   194  gd32f1x0_rcu.o(.text)
    rcu_osci_on                              0x080014ff   Thumb Code    22  gd32f1x0_rcu.o(.text)
    rcu_osci_off                             0x08001515   Thumb Code    22  gd32f1x0_rcu.o(.text)
    rcu_osci_bypass_mode_enable              0x0800152b   Thumb Code    54  gd32f1x0_rcu.o(.text)
    rcu_osci_bypass_mode_disable             0x08001561   Thumb Code    54  gd32f1x0_rcu.o(.text)
    rcu_hxtal_clock_monitor_enable           0x08001597   Thumb Code    12  gd32f1x0_rcu.o(.text)
    rcu_hxtal_clock_monitor_disable          0x080015a3   Thumb Code    12  gd32f1x0_rcu.o(.text)
    rcu_irc8m_adjust_value_set               0x080015af   Thumb Code    42  gd32f1x0_rcu.o(.text)
    rcu_irc14m_adjust_value_set              0x080015d9   Thumb Code    16  gd32f1x0_rcu.o(.text)
    rcu_voltage_key_unlock                   0x080015e9   Thumb Code    26  gd32f1x0_rcu.o(.text)
    rcu_deepsleep_voltage_set                0x08001603   Thumb Code    26  gd32f1x0_rcu.o(.text)
    rcu_power_down_voltage_set               0x0800161d   Thumb Code    26  gd32f1x0_rcu.o(.text)
    rcu_clock_freq_get                       0x08001637   Thumb Code   330  gd32f1x0_rcu.o(.text)
    timer_deinit                             0x080017a5   Thumb Code   118  gd32f1x0_timer.o(.text)
    timer_init                               0x0800181b   Thumb Code   116  gd32f1x0_timer.o(.text)
    timer_enable                             0x0800188f   Thumb Code    10  gd32f1x0_timer.o(.text)
    timer_disable                            0x08001899   Thumb Code    10  gd32f1x0_timer.o(.text)
    timer_auto_reload_shadow_enable          0x080018a3   Thumb Code    10  gd32f1x0_timer.o(.text)
    timer_auto_reload_shadow_disable         0x080018ad   Thumb Code    10  gd32f1x0_timer.o(.text)
    timer_update_event_enable                0x080018b7   Thumb Code    10  gd32f1x0_timer.o(.text)
    timer_update_event_disable               0x080018c1   Thumb Code    10  gd32f1x0_timer.o(.text)
    timer_counter_alignment                  0x080018cb   Thumb Code    16  gd32f1x0_timer.o(.text)
    timer_counter_up_direction               0x080018db   Thumb Code    14  gd32f1x0_timer.o(.text)
    timer_counter_down_direction             0x080018e9   Thumb Code    18  gd32f1x0_timer.o(.text)
    timer_prescaler_config                   0x080018fb   Thumb Code    16  gd32f1x0_timer.o(.text)
    timer_repetition_value_config            0x0800190b   Thumb Code     4  gd32f1x0_timer.o(.text)
    timer_autoreload_value_config            0x0800190f   Thumb Code     4  gd32f1x0_timer.o(.text)
    timer_counter_value_config               0x08001913   Thumb Code     4  gd32f1x0_timer.o(.text)
    timer_counter_read                       0x08001917   Thumb Code     4  gd32f1x0_timer.o(.text)
    timer_prescaler_read                     0x0800191b   Thumb Code     6  gd32f1x0_timer.o(.text)
    timer_single_pulse_mode_config           0x08001921   Thumb Code    24  gd32f1x0_timer.o(.text)
    timer_update_source_config               0x08001939   Thumb Code    24  gd32f1x0_timer.o(.text)
    timer_interrupt_enable                   0x08001951   Thumb Code     8  gd32f1x0_timer.o(.text)
    timer_interrupt_disable                  0x08001959   Thumb Code     8  gd32f1x0_timer.o(.text)
    timer_interrupt_flag_get                 0x08001961   Thumb Code    24  gd32f1x0_timer.o(.text)
    timer_interrupt_flag_clear               0x08001979   Thumb Code     8  gd32f1x0_timer.o(.text)
    timer_flag_get                           0x08001981   Thumb Code    12  gd32f1x0_timer.o(.text)
    timer_flag_clear                         0x0800198d   Thumb Code     8  gd32f1x0_timer.o(.text)
    timer_dma_enable                         0x08001995   Thumb Code     8  gd32f1x0_timer.o(.text)
    timer_dma_disable                        0x0800199d   Thumb Code     8  gd32f1x0_timer.o(.text)
    timer_channel_dma_request_source_select  0x080019a5   Thumb Code    24  gd32f1x0_timer.o(.text)
    timer_dma_transfer_config                0x080019bd   Thumb Code    22  gd32f1x0_timer.o(.text)
    timer_event_software_generate            0x080019d3   Thumb Code     8  gd32f1x0_timer.o(.text)
    timer_break_config                       0x080019db   Thumb Code    32  gd32f1x0_timer.o(.text)
    timer_break_enable                       0x080019fb   Thumb Code    10  gd32f1x0_timer.o(.text)
    timer_break_disable                      0x08001a05   Thumb Code     8  gd32f1x0_timer.o(.text)
    timer_automatic_output_enable            0x08001a0d   Thumb Code    10  gd32f1x0_timer.o(.text)
    timer_automatic_output_disable           0x08001a17   Thumb Code     8  gd32f1x0_timer.o(.text)
    timer_primary_output_config              0x08001a1f   Thumb Code    20  gd32f1x0_timer.o(.text)
    timer_channel_control_shadow_config      0x08001a33   Thumb Code    20  gd32f1x0_timer.o(.text)
    timer_channel_control_shadow_update_config 0x08001a47   Thumb Code    24  gd32f1x0_timer.o(.text)
    timer_channel_output_config              0x08001a5f   Thumb Code   450  gd32f1x0_timer.o(.text)
    timer_channel_output_mode_config         0x08001c21   Thumb Code    78  gd32f1x0_timer.o(.text)
    timer_channel_output_pulse_value_config  0x08001c6f   Thumb Code    30  gd32f1x0_timer.o(.text)
    timer_channel_output_shadow_config       0x08001c8d   Thumb Code    78  gd32f1x0_timer.o(.text)
    timer_channel_output_fast_config         0x08001cdb   Thumb Code    78  gd32f1x0_timer.o(.text)
    timer_channel_output_clear_config        0x08001d29   Thumb Code    78  gd32f1x0_timer.o(.text)
    timer_channel_output_polarity_config     0x08001d77   Thumb Code    78  gd32f1x0_timer.o(.text)
    timer_channel_complementary_output_polarity_config 0x08001dc5   Thumb Code    58  gd32f1x0_timer.o(.text)
    timer_ocpre_clear_source_config          0x08001dff   Thumb Code    26  gd32f1x0_timer.o(.text)
    timer_channel_output_state_config        0x08001e19   Thumb Code    78  gd32f1x0_timer.o(.text)
    timer_channel_complementary_output_state_config 0x08001e67   Thumb Code    58  gd32f1x0_timer.o(.text)
    timer_channel_input_capture_prescaler_config 0x08001ea1   Thumb Code    78  gd32f1x0_timer.o(.text)
    timer_input_capture_config               0x08001eef   Thumb Code   298  gd32f1x0_timer.o(.text)
    timer_channel_capture_value_register_read 0x08002019   Thumb Code    34  gd32f1x0_timer.o(.text)
    timer_input_pwm_capture_config           0x0800203b   Thumb Code   328  gd32f1x0_timer.o(.text)
    timer_hall_mode_config                   0x08002183   Thumb Code    24  gd32f1x0_timer.o(.text)
    timer_input_trigger_source_select        0x0800219b   Thumb Code    16  gd32f1x0_timer.o(.text)
    timer_master_output_trigger_source_select 0x080021ab   Thumb Code    16  gd32f1x0_timer.o(.text)
    timer_slave_mode_select                  0x080021bb   Thumb Code    16  gd32f1x0_timer.o(.text)
    timer_master_slave_mode_config           0x080021cb   Thumb Code    24  gd32f1x0_timer.o(.text)
    timer_external_trigger_config            0x080021e3   Thumb Code    28  gd32f1x0_timer.o(.text)
    timer_quadrature_decoder_mode_config     0x080021ff   Thumb Code    64  gd32f1x0_timer.o(.text)
    timer_internal_clock_config              0x0800223f   Thumb Code     8  gd32f1x0_timer.o(.text)
    timer_internal_trigger_as_external_clock_config 0x08002247   Thumb Code    26  gd32f1x0_timer.o(.text)
    timer_external_trigger_as_external_clock_config 0x08002261   Thumb Code   154  gd32f1x0_timer.o(.text)
    timer_external_clock_mode0_config        0x080022fb   Thumb Code    42  gd32f1x0_timer.o(.text)
    timer_external_clock_mode1_config        0x08002325   Thumb Code    18  gd32f1x0_timer.o(.text)
    timer_external_clock_mode1_disable       0x08002337   Thumb Code    10  gd32f1x0_timer.o(.text)
    timer_channel_remap_config               0x08002341   Thumb Code     8  gd32f1x0_timer.o(.text)
    usart_deinit                             0x08002349   Thumb Code    42  gd32f1x0_usart.o(.text)
    usart_baudrate_set                       0x08002373   Thumb Code    86  gd32f1x0_usart.o(.text)
    usart_parity_config                      0x080023c9   Thumb Code    24  gd32f1x0_usart.o(.text)
    usart_word_length_set                    0x080023e1   Thumb Code    24  gd32f1x0_usart.o(.text)
    usart_stop_bit_set                       0x080023f9   Thumb Code    24  gd32f1x0_usart.o(.text)
    usart_enable                             0x08002411   Thumb Code    10  gd32f1x0_usart.o(.text)
    usart_disable                            0x0800241b   Thumb Code    10  gd32f1x0_usart.o(.text)
    usart_transmit_config                    0x08002425   Thumb Code    16  gd32f1x0_usart.o(.text)
    usart_receive_config                     0x08002435   Thumb Code    16  gd32f1x0_usart.o(.text)
    usart_data_transmit                      0x08002445   Thumb Code     8  gd32f1x0_usart.o(.text)
    usart_data_receive                       0x0800244d   Thumb Code     8  gd32f1x0_usart.o(.text)
    usart_data_first_config                  0x08002455   Thumb Code    28  gd32f1x0_usart.o(.text)
    usart_invert_config                      0x08002471   Thumb Code    90  gd32f1x0_usart.o(.text)
    usart_overrun_enable                     0x080024cb   Thumb Code    18  gd32f1x0_usart.o(.text)
    usart_overrun_disable                    0x080024dd   Thumb Code    18  gd32f1x0_usart.o(.text)
    usart_oversample_config                  0x080024ef   Thumb Code    24  gd32f1x0_usart.o(.text)
    usart_sample_bit_config                  0x08002507   Thumb Code    24  gd32f1x0_usart.o(.text)
    usart_autobaud_detection_enable          0x0800251f   Thumb Code    10  gd32f1x0_usart.o(.text)
    usart_autobaud_detection_disable         0x08002529   Thumb Code    10  gd32f1x0_usart.o(.text)
    usart_autobaud_detection_mode_config     0x08002533   Thumb Code    16  gd32f1x0_usart.o(.text)
    usart_mute_mode_enable                   0x08002543   Thumb Code    10  gd32f1x0_usart.o(.text)
    usart_mute_mode_disable                  0x0800254d   Thumb Code    10  gd32f1x0_usart.o(.text)
    usart_mute_mode_wakeup_config            0x08002557   Thumb Code    24  gd32f1x0_usart.o(.text)
    usart_address_detection_mode_config      0x0800256f   Thumb Code    28  gd32f1x0_usart.o(.text)
    usart_address_config                     0x0800258b   Thumb Code    26  gd32f1x0_usart.o(.text)
    usart_receiver_timeout_enable            0x080025a5   Thumb Code    10  gd32f1x0_usart.o(.text)
    usart_receiver_timeout_disable           0x080025af   Thumb Code    10  gd32f1x0_usart.o(.text)
    usart_receiver_timeout_config            0x080025b9   Thumb Code    16  gd32f1x0_usart.o(.text)
    usart_lin_mode_enable                    0x080025c9   Thumb Code    18  gd32f1x0_usart.o(.text)
    usart_lin_mode_disable                   0x080025db   Thumb Code    18  gd32f1x0_usart.o(.text)
    usart_lin_break_dection_length_config    0x080025ed   Thumb Code    20  gd32f1x0_usart.o(.text)
    usart_halfduplex_enable                  0x08002601   Thumb Code    18  gd32f1x0_usart.o(.text)
    usart_halfduplex_disable                 0x08002613   Thumb Code    18  gd32f1x0_usart.o(.text)
    usart_clock_enable                       0x08002625   Thumb Code    18  gd32f1x0_usart.o(.text)
    usart_clock_disable                      0x08002637   Thumb Code    18  gd32f1x0_usart.o(.text)
    usart_synchronous_clock_config           0x08002649   Thumb Code    50  gd32f1x0_usart.o(.text)
    usart_smartcard_mode_enable              0x0800267b   Thumb Code    18  gd32f1x0_usart.o(.text)
    usart_smartcard_mode_disable             0x0800268d   Thumb Code    18  gd32f1x0_usart.o(.text)
    usart_smartcard_mode_nack_enable         0x0800269f   Thumb Code    18  gd32f1x0_usart.o(.text)
    usart_smartcard_mode_nack_disable        0x080026b1   Thumb Code    18  gd32f1x0_usart.o(.text)
    usart_guard_time_config                  0x080026c3   Thumb Code    32  gd32f1x0_usart.o(.text)
    usart_block_length_config                0x080026e3   Thumb Code    18  gd32f1x0_usart.o(.text)
    usart_smartcard_autoretry_config         0x080026f5   Thumb Code    32  gd32f1x0_usart.o(.text)
    usart_irda_mode_enable                   0x08002715   Thumb Code    24  gd32f1x0_usart.o(.text)
    usart_irda_mode_disable                  0x0800272d   Thumb Code    18  gd32f1x0_usart.o(.text)
    usart_irda_lowpower_config               0x0800273f   Thumb Code    20  gd32f1x0_usart.o(.text)
    usart_prescaler_config                   0x08002753   Thumb Code    24  gd32f1x0_usart.o(.text)
    usart_hardware_flow_rts_config           0x0800276b   Thumb Code    24  gd32f1x0_usart.o(.text)
    usart_hardware_flow_cts_config           0x08002783   Thumb Code    24  gd32f1x0_usart.o(.text)
    usart_rs485_driver_enable                0x0800279b   Thumb Code    18  gd32f1x0_usart.o(.text)
    usart_rs485_driver_disable               0x080027ad   Thumb Code    18  gd32f1x0_usart.o(.text)
    usart_driver_assertime_config            0x080027bf   Thumb Code    32  gd32f1x0_usart.o(.text)
    usart_driver_deassertime_config          0x080027df   Thumb Code    32  gd32f1x0_usart.o(.text)
    usart_depolarity_config                  0x080027ff   Thumb Code    28  gd32f1x0_usart.o(.text)
    usart_dma_receive_config                 0x0800281b   Thumb Code    16  gd32f1x0_usart.o(.text)
    usart_dma_transmit_config                0x0800282b   Thumb Code    16  gd32f1x0_usart.o(.text)
    usart_reception_error_dma_disable        0x0800283b   Thumb Code    18  gd32f1x0_usart.o(.text)
    usart_reception_error_dma_enable         0x0800284d   Thumb Code    18  gd32f1x0_usart.o(.text)
    usart_wakeup_enable                      0x0800285f   Thumb Code    10  gd32f1x0_usart.o(.text)
    usart_wakeup_disable                     0x08002869   Thumb Code    10  gd32f1x0_usart.o(.text)
    usart_wakeup_mode_config                 0x08002873   Thumb Code    28  gd32f1x0_usart.o(.text)
    usart_flag_get                           0x0800288f   Thumb Code    22  gd32f1x0_usart.o(.text)
    usart_flag_clear                         0x080028a5   Thumb Code    16  gd32f1x0_usart.o(.text)
    usart_interrupt_enable                   0x080028b5   Thumb Code    22  gd32f1x0_usart.o(.text)
    usart_interrupt_disable                  0x080028cb   Thumb Code    22  gd32f1x0_usart.o(.text)
    usart_command_enable                     0x080028e1   Thumb Code     8  gd32f1x0_usart.o(.text)
    usart_interrupt_flag_get                 0x080028e9   Thumb Code    46  gd32f1x0_usart.o(.text)
    usart_interrupt_flag_clear               0x08002917   Thumb Code    16  gd32f1x0_usart.o(.text)
    nvic_priority_group_set                  0x08002929   Thumb Code    10  gd32f1x0_misc.o(.text)
    nvic_irq_enable                          0x08002933   Thumb Code   134  gd32f1x0_misc.o(.text)
    nvic_irq_disable                         0x080029b9   Thumb Code    22  gd32f1x0_misc.o(.text)
    nvic_vector_table_set                    0x080029cf   Thumb Code    14  gd32f1x0_misc.o(.text)
    system_lowpower_set                      0x080029dd   Thumb Code    12  gd32f1x0_misc.o(.text)
    system_lowpower_reset                    0x080029e9   Thumb Code    12  gd32f1x0_misc.o(.text)
    systick_clksource_set                    0x080029f5   Thumb Code    24  gd32f1x0_misc.o(.text)
    Reset_Handler                            0x08002a19   Thumb Code     8  startup_gd32f1x0.o(.text)
    SysTick_Handler                          0x08002a31   Thumb Code     2  startup_gd32f1x0.o(.text)
    ADC_CMP_IRQHandler                       0x08002a33   Thumb Code     0  startup_gd32f1x0.o(.text)
    CAN0_RX0_IRQHandler                      0x08002a33   Thumb Code     0  startup_gd32f1x0.o(.text)
    CAN0_RX1_IRQHandler                      0x08002a33   Thumb Code     0  startup_gd32f1x0.o(.text)
    CAN0_SCE_IRQHandler                      0x08002a33   Thumb Code     0  startup_gd32f1x0.o(.text)
    CAN0_TX_IRQHandler                       0x08002a33   Thumb Code     0  startup_gd32f1x0.o(.text)
    CAN1_RX0_IRQHandler                      0x08002a33   Thumb Code     0  startup_gd32f1x0.o(.text)
    CAN1_RX1_IRQHandler                      0x08002a33   Thumb Code     0  startup_gd32f1x0.o(.text)
    CAN1_SCE_IRQHandler                      0x08002a33   Thumb Code     0  startup_gd32f1x0.o(.text)
    CAN1_TX_IRQHandler                       0x08002a33   Thumb Code     0  startup_gd32f1x0.o(.text)
    CEC_IRQHandler                           0x08002a33   Thumb Code     0  startup_gd32f1x0.o(.text)
    DMA_Channel0_IRQHandler                  0x08002a33   Thumb Code     0  startup_gd32f1x0.o(.text)
    DMA_Channel3_4_IRQHandler                0x08002a33   Thumb Code     0  startup_gd32f1x0.o(.text)
    DMA_Channel5_6_IRQHandler                0x08002a33   Thumb Code     0  startup_gd32f1x0.o(.text)
    EXTI0_1_IRQHandler                       0x08002a33   Thumb Code     0  startup_gd32f1x0.o(.text)
    EXTI2_3_IRQHandler                       0x08002a33   Thumb Code     0  startup_gd32f1x0.o(.text)
    EXTI4_15_IRQHandler                      0x08002a33   Thumb Code     0  startup_gd32f1x0.o(.text)
    FMC_IRQHandler                           0x08002a33   Thumb Code     0  startup_gd32f1x0.o(.text)
    I2C0_ER_IRQHandler                       0x08002a33   Thumb Code     0  startup_gd32f1x0.o(.text)
    I2C0_EV_IRQHandler                       0x08002a33   Thumb Code     0  startup_gd32f1x0.o(.text)
    I2C1_ER_IRQHandler                       0x08002a33   Thumb Code     0  startup_gd32f1x0.o(.text)
    I2C1_EV_IRQHandler                       0x08002a33   Thumb Code     0  startup_gd32f1x0.o(.text)
    I2C2_ER_IRQHandler                       0x08002a33   Thumb Code     0  startup_gd32f1x0.o(.text)
    I2C2_EV_IRQHandler                       0x08002a33   Thumb Code     0  startup_gd32f1x0.o(.text)
    LVD_IRQHandler                           0x08002a33   Thumb Code     0  startup_gd32f1x0.o(.text)
    RCU_IRQHandler                           0x08002a33   Thumb Code     0  startup_gd32f1x0.o(.text)
    RTC_IRQHandler                           0x08002a33   Thumb Code     0  startup_gd32f1x0.o(.text)
    SLCD_IRQHandler                          0x08002a33   Thumb Code     0  startup_gd32f1x0.o(.text)
    SPI0_IRQHandler                          0x08002a33   Thumb Code     0  startup_gd32f1x0.o(.text)
    SPI1_IRQHandler                          0x08002a33   Thumb Code     0  startup_gd32f1x0.o(.text)
    SPI2_IRQHandler                          0x08002a33   Thumb Code     0  startup_gd32f1x0.o(.text)
    TIMER0_BRK_UP_TRG_COM_IRQHandler         0x08002a33   Thumb Code     0  startup_gd32f1x0.o(.text)
    TIMER0_Channel_IRQHandler                0x08002a33   Thumb Code     0  startup_gd32f1x0.o(.text)
    TIMER13_IRQHandler                       0x08002a33   Thumb Code     0  startup_gd32f1x0.o(.text)
    TIMER14_IRQHandler                       0x08002a33   Thumb Code     0  startup_gd32f1x0.o(.text)
    TIMER15_IRQHandler                       0x08002a33   Thumb Code     0  startup_gd32f1x0.o(.text)
    TIMER16_IRQHandler                       0x08002a33   Thumb Code     0  startup_gd32f1x0.o(.text)
    TIMER1_IRQHandler                        0x08002a33   Thumb Code     0  startup_gd32f1x0.o(.text)
    TIMER2_IRQHandler                        0x08002a33   Thumb Code     0  startup_gd32f1x0.o(.text)
    TIMER5_DAC_IRQHandler                    0x08002a33   Thumb Code     0  startup_gd32f1x0.o(.text)
    TSI_IRQHandler                           0x08002a33   Thumb Code     0  startup_gd32f1x0.o(.text)
    USART0_IRQHandler                        0x08002a33   Thumb Code     0  startup_gd32f1x0.o(.text)
    USBDWakeUp_IRQHandler                    0x08002a33   Thumb Code     0  startup_gd32f1x0.o(.text)
    USBD_HP_IRQHandler                       0x08002a33   Thumb Code     0  startup_gd32f1x0.o(.text)
    USBD_LP_IRQHandler                       0x08002a33   Thumb Code     0  startup_gd32f1x0.o(.text)
    WWDGT_IRQHandler                         0x08002a33   Thumb Code     0  startup_gd32f1x0.o(.text)
    __aeabi_memcpy                           0x08002a3d   Thumb Code    36  memcpya.o(.text)
    __aeabi_memcpy4                          0x08002a3d   Thumb Code     0  memcpya.o(.text)
    __aeabi_memcpy8                          0x08002a3d   Thumb Code     0  memcpya.o(.text)
    __aeabi_fadd                             0x08002a61   Thumb Code   164  fadd.o(.text)
    __aeabi_fsub                             0x08002b05   Thumb Code     6  fadd.o(.text)
    __aeabi_frsub                            0x08002b0b   Thumb Code     6  fadd.o(.text)
    __aeabi_fmul                             0x08002b11   Thumb Code   100  fmul.o(.text)
    __aeabi_fdiv                             0x08002b75   Thumb Code   124  fdiv.o(.text)
    __aeabi_i2f                              0x08002bf1   Thumb Code    18  fflti.o(.text)
    __aeabi_ui2f                             0x08002c03   Thumb Code    10  ffltui.o(.text)
    __aeabi_f2uiz                            0x08002c0d   Thumb Code    40  ffixui.o(.text)
    __I$use$fp                               0x08002c35   Thumb Code     0  iusefp.o(.text)
    _float_round                             0x08002c35   Thumb Code    18  fepilogue.o(.text)
    _float_epilogue                          0x08002c47   Thumb Code    92  fepilogue.o(.text)
    __scatterload                            0x08002ca5   Thumb Code    28  init.o(.text)
    __scatterload_rt2                        0x08002ca5   Thumb Code     0  init.o(.text)
    __decompress                             0x08002cc9   Thumb Code     0  __dclz77c.o(.text)
    __decompress2                            0x08002cc9   Thumb Code    94  __dclz77c.o(.text)
    __scatterload_copy                       0x08002d27   Thumb Code    14  handlers.o(i.__scatterload_copy)
    __scatterload_null                       0x08002d35   Thumb Code     2  handlers.o(i.__scatterload_null)
    __scatterload_zeroinit                   0x08002d37   Thumb Code    14  handlers.o(i.__scatterload_zeroinit)
    Region$$Table$$Base                      0x08002d44   Number         0  anon$$obj.o(Region$$Table)
    Region$$Table$$Limit                     0x08002d64   Number         0  anon$$obj.o(Region$$Table)
    Priority                                 0x20000000   Data           1  sg.o(.data)
    Next_Priority                            0x20000001   Data           1  sg.o(.data)
    SG_Index                                 0x20000002   Data           1  sg.o(.data)
    SG_Index1                                0x20000003   Data           1  sg.o(.data)
    Cal_Flag                                 0x20000004   Data           1  sg.o(.data)
    Voice_Level                              0x20000005   Data           1  sg.o(.data)
    Voice_Level1                             0x20000006   Data           1  sg.o(.data)
    Td                                       0x20000008   Data           2  sg.o(.data)
    SW_Delay                                 0x2000000a   Data           2  sg.o(.data)
    SYS_K                                    0x2000000c   Data           4  sg.o(.data)
    A_ref                                    0x20000010   Data           4  sg.o(.data)
    SG_Time                                  0x20000014   Data           4  sg.o(.data)
    dA                                       0x20000018   Data           4  sg.o(.data)
    dT                                       0x2000001c   Data           4  sg.o(.data)
    RAW_DATA                                 0x20000020   Data         480  sg.o(.data)
    DMA_BUFF1                                0x20000200   Data         480  sg.o(.data)
    DMA_BUFF2                                0x200003e0   Data         480  sg.o(.data)
    SG                                       0x200005c0   Data          28  sg.o(.data)
    UART_RX_Len                              0x200005dc   Data           1  driver.o(.data)
    UART_TX_Len                              0x200005dd   Data           1  driver.o(.data)
    UART_Receive_Cmd_Stastu                  0x200005de   Data           1  driver.o(.data)
    Buf_Busy                                 0x200005df   Data           1  driver.o(.data)
    SW_Buf                                   0x200005e0   Data           1  driver.o(.data)
    UART_CMD_Len                             0x200005e1   Data           1  driver.o(.data)
    SystemCoreClock                          0x200005e4   Data           4  system_gd32f1x0.o(.data)
    UART_RX_BUF                              0x200005e8   Data          50  driver.o(.bss)
    UART_TX_BUF                              0x2000061a   Data          50  driver.o(.bss)
    __initial_sp                             0x20000a50   Data           0  startup_gd32f1x0.o(STACK)



==============================================================================

Memory Map of the image

  Image Entry point : 0x08000169

  Load Region LR_IROM1 (Base: 0x08000000, Size: 0x0000334c, Max: 0x00010000, ABSOLUTE, COMPRESSED[0x00003164])

    Execution Region ER_IROM1 (Base: 0x08000000, Size: 0x00002d64, Max: 0x00010000, ABSOLUTE)

    Base Addr    Size         Type   Attr      Idx    E Section Name        Object

    0x08000000   0x00000168   Data   RO          396    RESET               startup_gd32f1x0.o
    0x08000168   0x00000000   Code   RO          401  * .ARM.Collect$$$$00000000  mc_w.l(entry.o)
    0x08000168   0x00000004   Code   RO          420    .ARM.Collect$$$$00000001  mc_w.l(entry2.o)
    0x0800016c   0x00000004   Code   RO          423    .ARM.Collect$$$$00000004  mc_w.l(entry5.o)
    0x08000170   0x00000000   Code   RO          425    .ARM.Collect$$$$00000008  mc_w.l(entry7b.o)
    0x08000170   0x00000000   Code   RO          427    .ARM.Collect$$$$0000000A  mc_w.l(entry8b.o)
    0x08000170   0x00000008   Code   RO          428    .ARM.Collect$$$$0000000B  mc_w.l(entry9a.o)
    0x08000178   0x00000000   Code   RO          430    .ARM.Collect$$$$0000000D  mc_w.l(entry10a.o)
    0x08000178   0x00000000   Code   RO          432    .ARM.Collect$$$$0000000F  mc_w.l(entry11a.o)
    0x08000178   0x00000004   Code   RO          421    .ARM.Collect$$$$00002712  mc_w.l(entry2.o)
    0x0800017c   0x00000060   Code   RO            3    .text               main.o
    0x080001dc   0x00000504   Code   RO           91    .text               sg.o
    0x080006e0   0x00000432   Code   RO          118    .text               driver.o
    0x08000b12   0x00000010   Code   RO          145    .text               gd32f1x0_it.o
    0x08000b22   0x00000002   PAD
    0x08000b24   0x00000134   Code   RO          168    .text               system_gd32f1x0.o
    0x08000c58   0x00000134   Code   RO          194    .text               gd32f1x0_dac.o
    0x08000d8c   0x000002c4   Code   RO          234    .text               gd32f1x0_dma.o
    0x08001050   0x0000018c   Code   RO          274    .text               gd32f1x0_gpio.o
    0x080011dc   0x000005c8   Code   RO          294    .text               gd32f1x0_rcu.o
    0x080017a4   0x00000ba4   Code   RO          335    .text               gd32f1x0_timer.o
    0x08002348   0x000005de   Code   RO          356    .text               gd32f1x0_usart.o
    0x08002926   0x00000002   PAD
    0x08002928   0x000000f0   Code   RO          376    .text               gd32f1x0_misc.o
    0x08002a18   0x00000024   Code   RO          397    .text               startup_gd32f1x0.o
    0x08002a3c   0x00000024   Code   RO          404    .text               mc_w.l(memcpya.o)
    0x08002a60   0x000000b0   Code   RO          408    .text               mf_w.l(fadd.o)
    0x08002b10   0x00000064   Code   RO          410    .text               mf_w.l(fmul.o)
    0x08002b74   0x0000007c   Code   RO          412    .text               mf_w.l(fdiv.o)
    0x08002bf0   0x00000012   Code   RO          414    .text               mf_w.l(fflti.o)
    0x08002c02   0x0000000a   Code   RO          416    .text               mf_w.l(ffltui.o)
    0x08002c0c   0x00000028   Code   RO          418    .text               mf_w.l(ffixui.o)
    0x08002c34   0x00000000   Code   RO          434    .text               mc_w.l(iusefp.o)
    0x08002c34   0x0000006e   Code   RO          435    .text               mf_w.l(fepilogue.o)
    0x08002ca2   0x00000002   PAD
    0x08002ca4   0x00000024   Code   RO          437    .text               mc_w.l(init.o)
    0x08002cc8   0x0000005e   Code   RO          447    .text               mc_w.l(__dclz77c.o)
    0x08002d26   0x0000000e   Code   RO          441    i.__scatterload_copy  mc_w.l(handlers.o)
    0x08002d34   0x00000002   Code   RO          442    i.__scatterload_null  mc_w.l(handlers.o)
    0x08002d36   0x0000000e   Code   RO          443    i.__scatterload_zeroinit  mc_w.l(handlers.o)
    0x08002d44   0x00000020   Data   RO          439    Region$$Table       anon$$obj.o


    Execution Region RW_IRAM1 (Base: 0x20000000, Size: 0x00000a50, Max: 0x00002000, ABSOLUTE, COMPRESSED[0x00000400])

    Base Addr    Size         Type   Attr      Idx    E Section Name        Object

    0x20000000   0x000005dc   Data   RW           92    .data               sg.o
    0x200005dc   0x00000006   Data   RW          120    .data               driver.o
    0x200005e2   0x00000002   PAD
    0x200005e4   0x00000004   Data   RW          169    .data               system_gd32f1x0.o
    0x200005e8   0x00000064   Zero   RW          119    .bss                driver.o
    0x2000064c   0x00000004   PAD
    0x20000650   0x00000400   Zero   RW          394    STACK               startup_gd32f1x0.o


==============================================================================

Image component sizes


      Code (inc. data)   RO Data    RW Data    ZI Data      Debug   Object Name

      1074         40          0          6        100       3615   driver.o
       308          6          0          0          0       3244   gd32f1x0_dac.o
       708          4          0          0          0       5823   gd32f1x0_dma.o
       396          8          0          0          0       3681   gd32f1x0_gpio.o
        16          0          0          0          0       1154   gd32f1x0_it.o
       240         12          0          0          0       1961   gd32f1x0_misc.o
      1480         76          0          0          0       9554   gd32f1x0_rcu.o
      2980         24          0          0          0      18314   gd32f1x0_timer.o
      1502         14          0          0          0      14125   gd32f1x0_usart.o
        96          8          0          0          0      59579   main.o
      1284         48          0       1500          0       3673   sg.o
        36          8        360          0       1024        864   startup_gd32f1x0.o
       308         52          0          4          0       1977   system_gd32f1x0.o

    ----------------------------------------------------------------------
     10432        300        392       1512       1128     127564   Object Totals
         0          0         32          0          0          0   (incl. Generated)
         4          0          0          2          4          0   (incl. Padding)

    ----------------------------------------------------------------------

      Code (inc. data)   RO Data    RW Data    ZI Data      Debug   Library Member Name

        94          0          0          0          0          0   __dclz77c.o
         0          0          0          0          0          0   entry.o
         0          0          0          0          0          0   entry10a.o
         0          0          0          0          0          0   entry11a.o
         8          4          0          0          0          0   entry2.o
         4          0          0          0          0          0   entry5.o
         0          0          0          0          0          0   entry7b.o
         0          0          0          0          0          0   entry8b.o
         8          4          0          0          0          0   entry9a.o
        30          0          0          0          0          0   handlers.o
        36          8          0          0          0         68   init.o
         0          0          0          0          0          0   iusefp.o
        36          0          0          0          0         68   memcpya.o
       176          0          0          0          0        140   fadd.o
       124          0          0          0          0         88   fdiv.o
       110          0          0          0          0        168   fepilogue.o
        40          0          0          0          0         68   ffixui.o
        18          0          0          0          0         68   fflti.o
        10          0          0          0          0         68   ffltui.o
       100          0          0          0          0         76   fmul.o

    ----------------------------------------------------------------------
       796         16          0          0          0        812   Library Totals
         2          0          0          0          0          0   (incl. Padding)

    ----------------------------------------------------------------------

      Code (inc. data)   RO Data    RW Data    ZI Data      Debug   Library Name

       216         16          0          0          0        136   mc_w.l
       578          0          0          0          0        676   mf_w.l

    ----------------------------------------------------------------------
       796         16          0          0          0        812   Library Totals

    ----------------------------------------------------------------------

==============================================================================


      Code (inc. data)   RO Data    RW Data    ZI Data      Debug   

     11228        316        392       1512       1128     126476   Grand Totals
     11228        316        392       1024       1128     126476   ELF Image Totals (compressed)
     11228        316        392       1024          0          0   ROM Totals

==============================================================================

    Total RO  Size (Code + RO Data)                11620 (  11.35kB)
    Total RW  Size (RW Data + ZI Data)              2640 (   2.58kB)
    Total ROM Size (Code + RO Data + RW Data)      12644 (  12.35kB)

==============================================================================

