Component: ARM Compiler 5.06 update 1 (build 61) Tool: armlink [4d35a8]

==============================================================================

Section Cross References

    main.o(.text) refers to gd32f1x0_rcu.o(.text) for rcu_osci_on
    main.o(.text) refers to system_gd32f1x0.o(.text) for SystemCoreClockUpdate
    main.o(.text) refers to gd32f1x0_misc.o(.text) for nvic_irq_enable
    main.o(.text) refers to driver.o(.text) for UART1_Init
    main.o(.text) refers to printf5.o(i.__0printf$5) for __2printf
    main.o(.text) refers to sg.o(.text) for SG_Init
    main.o(.text) refers to gd32f1x0_fwdgt.o(.text) for fwdgt_config
    main.o(.text) refers to driver.o(.data) for UART_Receive_Cmd_Stastu
    sg.o(.text) refers to dfltui.o(.text) for __aeabi_ui2d
    sg.o(.text) refers to dmul.o(.text) for __aeabi_dmul
    sg.o(.text) refers to dfixui.o(.text) for __aeabi_d2uiz
    sg.o(.text) refers to dadd.o(.text) for __aeabi_dsub
    sg.o(.text) refers to ffltui.o(.text) for __aeabi_ui2f
    sg.o(.text) refers to fdiv.o(.text) for __aeabi_fdiv
    sg.o(.text) refers to ffixui.o(.text) for __aeabi_f2uiz
    sg.o(.text) refers to fadd.o(.text) for __aeabi_fadd
    sg.o(.text) refers to fflti.o(.text) for __aeabi_i2f
    sg.o(.text) refers to fmul.o(.text) for __aeabi_fmul
    sg.o(.text) refers to sg.o(.data) for .data
    sg.o(.text) refers to driver.o(.data) for dT
    sg.o(.text) refers to sg.o(.bss) for .bss
    sg.o(.text) refers to driver.o(.data) for Buf_Busy
    sg.o(.text) refers to driver.o(.text) for UART_Send
    sg.o(.text) refers to driver.o(.bss) for UART_RX_BUF
    driver.o(.text) refers to gd32f1x0_rcu.o(.text) for rcu_periph_clock_enable
    driver.o(.text) refers to gd32f1x0_gpio.o(.text) for gpio_af_set
    driver.o(.text) refers to gd32f1x0_usart.o(.text) for usart_deinit
    driver.o(.text) refers to gd32f1x0_timer.o(.text) for timer_deinit
    driver.o(.text) refers to gd32f1x0_dma.o(.text) for dma_deinit
    driver.o(.text) refers to memcpya.o(.text) for __aeabi_memcpy4
    driver.o(.text) refers to gd32f1x0_dac.o(.text) for dac0_trigger_source_config
    driver.o(.text) refers to sg.o(.text) for LED_CTL
    driver.o(.text) refers to driver.o(.bss) for .bss
    driver.o(.text) refers to sg.o(.data) for DMA_BUFF1
    driver.o(.text) refers to driver.o(.data) for .data
    system_gd32f1x0.o(.text) refers to system_gd32f1x0.o(.data) for .data
    gd32f1x0_dac.o(.text) refers to gd32f1x0_rcu.o(.text) for rcu_periph_reset_enable
    gd32f1x0_gpio.o(.text) refers to gd32f1x0_rcu.o(.text) for rcu_periph_reset_enable
    gd32f1x0_syscfg.o(.text) refers to gd32f1x0_rcu.o(.text) for rcu_periph_reset_enable
    gd32f1x0_timer.o(.text) refers to gd32f1x0_rcu.o(.text) for rcu_periph_reset_enable
    gd32f1x0_usart.o(.text) refers to gd32f1x0_rcu.o(.text) for rcu_periph_reset_enable
    startup_gd32f1x0.o(RESET) refers to startup_gd32f1x0.o(STACK) for __initial_sp
    startup_gd32f1x0.o(RESET) refers to startup_gd32f1x0.o(.text) for Reset_Handler
    startup_gd32f1x0.o(RESET) refers to gd32f1x0_it.o(.text) for NMI_Handler
    startup_gd32f1x0.o(RESET) refers to driver.o(.text) for DMA_Channel1_2_IRQHandler
    startup_gd32f1x0.o(.text) refers to system_gd32f1x0.o(.text) for SystemInit
    startup_gd32f1x0.o(.text) refers to entry.o(.ARM.Collect$$$$00000000) for __main
    entry.o(.ARM.Collect$$$$00000000) refers (Special) to entry10a.o(.ARM.Collect$$$$0000000D) for __rt_final_cpp
    entry.o(.ARM.Collect$$$$00000000) refers (Special) to entry11a.o(.ARM.Collect$$$$0000000F) for __rt_final_exit
    entry.o(.ARM.Collect$$$$00000000) refers (Special) to entry7b.o(.ARM.Collect$$$$00000008) for _main_clock
    entry.o(.ARM.Collect$$$$00000000) refers (Special) to entry8b.o(.ARM.Collect$$$$0000000A) for _main_cpp_init
    entry.o(.ARM.Collect$$$$00000000) refers (Special) to entry9a.o(.ARM.Collect$$$$0000000B) for _main_init
    entry.o(.ARM.Collect$$$$00000000) refers (Special) to entry5.o(.ARM.Collect$$$$00000004) for _main_scatterload
    entry.o(.ARM.Collect$$$$00000000) refers (Special) to entry2.o(.ARM.Collect$$$$00000001) for _main_stk
    printfb.o(i.__0fprintf$bare) refers to printfb.o(i._printf_core) for _printf_core
    printfb.o(i.__0fprintf$bare) refers to driver.o(.text) for fputc
    printfb.o(i.__0printf$bare) refers to printfb.o(i._printf_core) for _printf_core
    printfb.o(i.__0printf$bare) refers to driver.o(.text) for fputc
    printfb.o(i.__0printf$bare) refers to stdout.o(.data) for __stdout
    printfb.o(i.__0snprintf$bare) refers to printfb.o(i._printf_core) for _printf_core
    printfb.o(i.__0snprintf$bare) refers to printfb.o(i._snputc) for _snputc
    printfb.o(i.__0sprintf$bare) refers to printfb.o(i._printf_core) for _printf_core
    printfb.o(i.__0sprintf$bare) refers to printfb.o(i._sputc) for _sputc
    printfb.o(i.__0vfprintf$bare) refers to printfb.o(i._printf_core) for _printf_core
    printfb.o(i.__0vfprintf$bare) refers to driver.o(.text) for fputc
    printfb.o(i.__0vprintf$bare) refers to printfb.o(i._printf_core) for _printf_core
    printfb.o(i.__0vprintf$bare) refers to driver.o(.text) for fputc
    printfb.o(i.__0vprintf$bare) refers to stdout.o(.data) for __stdout
    printfb.o(i.__0vsnprintf$bare) refers to printfb.o(i._printf_core) for _printf_core
    printfb.o(i.__0vsnprintf$bare) refers to printfb.o(i._snputc) for _snputc
    printfb.o(i.__0vsprintf$bare) refers to printfb.o(i._printf_core) for _printf_core
    printfb.o(i.__0vsprintf$bare) refers to printfb.o(i._sputc) for _sputc
    printf0.o(i.__0fprintf$0) refers to printf0.o(i._printf_core) for _printf_core
    printf0.o(i.__0fprintf$0) refers to driver.o(.text) for fputc
    printf0.o(i.__0printf$0) refers to printf0.o(i._printf_core) for _printf_core
    printf0.o(i.__0printf$0) refers to driver.o(.text) for fputc
    printf0.o(i.__0printf$0) refers to stdout.o(.data) for __stdout
    printf0.o(i.__0snprintf$0) refers to printf0.o(i._printf_core) for _printf_core
    printf0.o(i.__0snprintf$0) refers to printf0.o(i._snputc) for _snputc
    printf0.o(i.__0sprintf$0) refers to printf0.o(i._printf_core) for _printf_core
    printf0.o(i.__0sprintf$0) refers to printf0.o(i._sputc) for _sputc
    printf0.o(i.__0vfprintf$0) refers to printf0.o(i._printf_core) for _printf_core
    printf0.o(i.__0vfprintf$0) refers to driver.o(.text) for fputc
    printf0.o(i.__0vprintf$0) refers to printf0.o(i._printf_core) for _printf_core
    printf0.o(i.__0vprintf$0) refers to driver.o(.text) for fputc
    printf0.o(i.__0vprintf$0) refers to stdout.o(.data) for __stdout
    printf0.o(i.__0vsnprintf$0) refers to printf0.o(i._printf_core) for _printf_core
    printf0.o(i.__0vsnprintf$0) refers to printf0.o(i._snputc) for _snputc
    printf0.o(i.__0vsprintf$0) refers to printf0.o(i._printf_core) for _printf_core
    printf0.o(i.__0vsprintf$0) refers to printf0.o(i._sputc) for _sputc
    printf1.o(i.__0fprintf$1) refers to printf1.o(i._printf_core) for _printf_core
    printf1.o(i.__0fprintf$1) refers to driver.o(.text) for fputc
    printf1.o(i.__0printf$1) refers to printf1.o(i._printf_core) for _printf_core
    printf1.o(i.__0printf$1) refers to driver.o(.text) for fputc
    printf1.o(i.__0printf$1) refers to stdout.o(.data) for __stdout
    printf1.o(i.__0snprintf$1) refers to printf1.o(i._printf_core) for _printf_core
    printf1.o(i.__0snprintf$1) refers to printf1.o(i._snputc) for _snputc
    printf1.o(i.__0sprintf$1) refers to printf1.o(i._printf_core) for _printf_core
    printf1.o(i.__0sprintf$1) refers to printf1.o(i._sputc) for _sputc
    printf1.o(i.__0vfprintf$1) refers to printf1.o(i._printf_core) for _printf_core
    printf1.o(i.__0vfprintf$1) refers to driver.o(.text) for fputc
    printf1.o(i.__0vprintf$1) refers to printf1.o(i._printf_core) for _printf_core
    printf1.o(i.__0vprintf$1) refers to driver.o(.text) for fputc
    printf1.o(i.__0vprintf$1) refers to stdout.o(.data) for __stdout
    printf1.o(i.__0vsnprintf$1) refers to printf1.o(i._printf_core) for _printf_core
    printf1.o(i.__0vsnprintf$1) refers to printf1.o(i._snputc) for _snputc
    printf1.o(i.__0vsprintf$1) refers to printf1.o(i._printf_core) for _printf_core
    printf1.o(i.__0vsprintf$1) refers to printf1.o(i._sputc) for _sputc
    printf1.o(i._printf_core) refers to uidiv.o(.text) for __aeabi_uidivmod
    printf2.o(i.__0fprintf$2) refers to printf2.o(i._printf_core) for _printf_core
    printf2.o(i.__0fprintf$2) refers to driver.o(.text) for fputc
    printf2.o(i.__0printf$2) refers to printf2.o(i._printf_core) for _printf_core
    printf2.o(i.__0printf$2) refers to driver.o(.text) for fputc
    printf2.o(i.__0printf$2) refers to stdout.o(.data) for __stdout
    printf2.o(i.__0snprintf$2) refers to printf2.o(i._printf_core) for _printf_core
    printf2.o(i.__0snprintf$2) refers to printf2.o(i._snputc) for _snputc
    printf2.o(i.__0sprintf$2) refers to printf2.o(i._printf_core) for _printf_core
    printf2.o(i.__0sprintf$2) refers to printf2.o(i._sputc) for _sputc
    printf2.o(i.__0vfprintf$2) refers to printf2.o(i._printf_core) for _printf_core
    printf2.o(i.__0vfprintf$2) refers to driver.o(.text) for fputc
    printf2.o(i.__0vprintf$2) refers to printf2.o(i._printf_core) for _printf_core
    printf2.o(i.__0vprintf$2) refers to driver.o(.text) for fputc
    printf2.o(i.__0vprintf$2) refers to stdout.o(.data) for __stdout
    printf2.o(i.__0vsnprintf$2) refers to printf2.o(i._printf_core) for _printf_core
    printf2.o(i.__0vsnprintf$2) refers to printf2.o(i._snputc) for _snputc
    printf2.o(i.__0vsprintf$2) refers to printf2.o(i._printf_core) for _printf_core
    printf2.o(i.__0vsprintf$2) refers to printf2.o(i._sputc) for _sputc
    printf3.o(i.__0fprintf$3) refers to printf3.o(i._printf_core) for _printf_core
    printf3.o(i.__0fprintf$3) refers to driver.o(.text) for fputc
    printf3.o(i.__0printf$3) refers to printf3.o(i._printf_core) for _printf_core
    printf3.o(i.__0printf$3) refers to driver.o(.text) for fputc
    printf3.o(i.__0printf$3) refers to stdout.o(.data) for __stdout
    printf3.o(i.__0snprintf$3) refers to printf3.o(i._printf_core) for _printf_core
    printf3.o(i.__0snprintf$3) refers to printf3.o(i._snputc) for _snputc
    printf3.o(i.__0sprintf$3) refers to printf3.o(i._printf_core) for _printf_core
    printf3.o(i.__0sprintf$3) refers to printf3.o(i._sputc) for _sputc
    printf3.o(i.__0vfprintf$3) refers to printf3.o(i._printf_core) for _printf_core
    printf3.o(i.__0vfprintf$3) refers to driver.o(.text) for fputc
    printf3.o(i.__0vprintf$3) refers to printf3.o(i._printf_core) for _printf_core
    printf3.o(i.__0vprintf$3) refers to driver.o(.text) for fputc
    printf3.o(i.__0vprintf$3) refers to stdout.o(.data) for __stdout
    printf3.o(i.__0vsnprintf$3) refers to printf3.o(i._printf_core) for _printf_core
    printf3.o(i.__0vsnprintf$3) refers to printf3.o(i._snputc) for _snputc
    printf3.o(i.__0vsprintf$3) refers to printf3.o(i._printf_core) for _printf_core
    printf3.o(i.__0vsprintf$3) refers to printf3.o(i._sputc) for _sputc
    printf3.o(i._printf_core) refers to uidiv.o(.text) for __aeabi_uidivmod
    printf4.o(i.__0fprintf$4) refers to printf4.o(i._printf_core) for _printf_core
    printf4.o(i.__0fprintf$4) refers to driver.o(.text) for fputc
    printf4.o(i.__0printf$4) refers to printf4.o(i._printf_core) for _printf_core
    printf4.o(i.__0printf$4) refers to driver.o(.text) for fputc
    printf4.o(i.__0printf$4) refers to stdout.o(.data) for __stdout
    printf4.o(i.__0snprintf$4) refers to printf4.o(i._printf_core) for _printf_core
    printf4.o(i.__0snprintf$4) refers to printf4.o(i._snputc) for _snputc
    printf4.o(i.__0sprintf$4) refers to printf4.o(i._printf_core) for _printf_core
    printf4.o(i.__0sprintf$4) refers to printf4.o(i._sputc) for _sputc
    printf4.o(i.__0vfprintf$4) refers to printf4.o(i._printf_core) for _printf_core
    printf4.o(i.__0vfprintf$4) refers to driver.o(.text) for fputc
    printf4.o(i.__0vprintf$4) refers to printf4.o(i._printf_core) for _printf_core
    printf4.o(i.__0vprintf$4) refers to driver.o(.text) for fputc
    printf4.o(i.__0vprintf$4) refers to stdout.o(.data) for __stdout
    printf4.o(i.__0vsnprintf$4) refers to printf4.o(i._printf_core) for _printf_core
    printf4.o(i.__0vsnprintf$4) refers to printf4.o(i._snputc) for _snputc
    printf4.o(i.__0vsprintf$4) refers to printf4.o(i._printf_core) for _printf_core
    printf4.o(i.__0vsprintf$4) refers to printf4.o(i._sputc) for _sputc
    printf4.o(i._printf_core) refers to uldiv.o(.text) for __aeabi_uldivmod
    printf5.o(i.__0fprintf$5) refers to printf5.o(i._printf_core) for _printf_core
    printf5.o(i.__0fprintf$5) refers to driver.o(.text) for fputc
    printf5.o(i.__0printf$5) refers to printf5.o(i._printf_core) for _printf_core
    printf5.o(i.__0printf$5) refers to driver.o(.text) for fputc
    printf5.o(i.__0printf$5) refers to stdout.o(.data) for __stdout
    printf5.o(i.__0snprintf$5) refers to printf5.o(i._printf_core) for _printf_core
    printf5.o(i.__0snprintf$5) refers to printf5.o(i._snputc) for _snputc
    printf5.o(i.__0sprintf$5) refers to printf5.o(i._printf_core) for _printf_core
    printf5.o(i.__0sprintf$5) refers to printf5.o(i._sputc) for _sputc
    printf5.o(i.__0vfprintf$5) refers to printf5.o(i._printf_core) for _printf_core
    printf5.o(i.__0vfprintf$5) refers to driver.o(.text) for fputc
    printf5.o(i.__0vprintf$5) refers to printf5.o(i._printf_core) for _printf_core
    printf5.o(i.__0vprintf$5) refers to driver.o(.text) for fputc
    printf5.o(i.__0vprintf$5) refers to stdout.o(.data) for __stdout
    printf5.o(i.__0vsnprintf$5) refers to printf5.o(i._printf_core) for _printf_core
    printf5.o(i.__0vsnprintf$5) refers to printf5.o(i._snputc) for _snputc
    printf5.o(i.__0vsprintf$5) refers to printf5.o(i._printf_core) for _printf_core
    printf5.o(i.__0vsprintf$5) refers to printf5.o(i._sputc) for _sputc
    printf5.o(i._printf_core) refers to uldiv.o(.text) for __aeabi_uldivmod
    printf6.o(i.__0fprintf$6) refers to printf6.o(i._printf_core) for _printf_core
    printf6.o(i.__0fprintf$6) refers to driver.o(.text) for fputc
    printf6.o(i.__0printf$6) refers to printf6.o(i._printf_core) for _printf_core
    printf6.o(i.__0printf$6) refers to driver.o(.text) for fputc
    printf6.o(i.__0printf$6) refers to stdout.o(.data) for __stdout
    printf6.o(i.__0snprintf$6) refers to printf6.o(i._printf_core) for _printf_core
    printf6.o(i.__0snprintf$6) refers to printf6.o(i._snputc) for _snputc
    printf6.o(i.__0sprintf$6) refers to printf6.o(i._printf_core) for _printf_core
    printf6.o(i.__0sprintf$6) refers to printf6.o(i._sputc) for _sputc
    printf6.o(i.__0vfprintf$6) refers to printf6.o(i._printf_core) for _printf_core
    printf6.o(i.__0vfprintf$6) refers to driver.o(.text) for fputc
    printf6.o(i.__0vprintf$6) refers to printf6.o(i._printf_core) for _printf_core
    printf6.o(i.__0vprintf$6) refers to driver.o(.text) for fputc
    printf6.o(i.__0vprintf$6) refers to stdout.o(.data) for __stdout
    printf6.o(i.__0vsnprintf$6) refers to printf6.o(i._printf_core) for _printf_core
    printf6.o(i.__0vsnprintf$6) refers to printf6.o(i._snputc) for _snputc
    printf6.o(i.__0vsprintf$6) refers to printf6.o(i._printf_core) for _printf_core
    printf6.o(i.__0vsprintf$6) refers to printf6.o(i._sputc) for _sputc
    printf6.o(i._printf_core) refers to printf6.o(i._printf_pre_padding) for _printf_pre_padding
    printf6.o(i._printf_core) refers to uidiv.o(.text) for __aeabi_uidivmod
    printf6.o(i._printf_core) refers to printf6.o(i._printf_post_padding) for _printf_post_padding
    printf7.o(i.__0fprintf$7) refers to printf7.o(i._printf_core) for _printf_core
    printf7.o(i.__0fprintf$7) refers to driver.o(.text) for fputc
    printf7.o(i.__0printf$7) refers to printf7.o(i._printf_core) for _printf_core
    printf7.o(i.__0printf$7) refers to driver.o(.text) for fputc
    printf7.o(i.__0printf$7) refers to stdout.o(.data) for __stdout
    printf7.o(i.__0snprintf$7) refers to printf7.o(i._printf_core) for _printf_core
    printf7.o(i.__0snprintf$7) refers to printf7.o(i._snputc) for _snputc
    printf7.o(i.__0sprintf$7) refers to printf7.o(i._printf_core) for _printf_core
    printf7.o(i.__0sprintf$7) refers to printf7.o(i._sputc) for _sputc
    printf7.o(i.__0vfprintf$7) refers to printf7.o(i._printf_core) for _printf_core
    printf7.o(i.__0vfprintf$7) refers to driver.o(.text) for fputc
    printf7.o(i.__0vprintf$7) refers to printf7.o(i._printf_core) for _printf_core
    printf7.o(i.__0vprintf$7) refers to driver.o(.text) for fputc
    printf7.o(i.__0vprintf$7) refers to stdout.o(.data) for __stdout
    printf7.o(i.__0vsnprintf$7) refers to printf7.o(i._printf_core) for _printf_core
    printf7.o(i.__0vsnprintf$7) refers to printf7.o(i._snputc) for _snputc
    printf7.o(i.__0vsprintf$7) refers to printf7.o(i._printf_core) for _printf_core
    printf7.o(i.__0vsprintf$7) refers to printf7.o(i._sputc) for _sputc
    printf7.o(i._printf_core) refers to printf7.o(i._printf_pre_padding) for _printf_pre_padding
    printf7.o(i._printf_core) refers to uldiv.o(.text) for __aeabi_uldivmod
    printf7.o(i._printf_core) refers to printf7.o(i._printf_post_padding) for _printf_post_padding
    printf8.o(i.__0fprintf$8) refers to printf8.o(i._printf_core) for _printf_core
    printf8.o(i.__0fprintf$8) refers to driver.o(.text) for fputc
    printf8.o(i.__0printf$8) refers to printf8.o(i._printf_core) for _printf_core
    printf8.o(i.__0printf$8) refers to driver.o(.text) for fputc
    printf8.o(i.__0printf$8) refers to stdout.o(.data) for __stdout
    printf8.o(i.__0snprintf$8) refers to printf8.o(i._printf_core) for _printf_core
    printf8.o(i.__0snprintf$8) refers to printf8.o(i._snputc) for _snputc
    printf8.o(i.__0sprintf$8) refers to printf8.o(i._printf_core) for _printf_core
    printf8.o(i.__0sprintf$8) refers to printf8.o(i._sputc) for _sputc
    printf8.o(i.__0vfprintf$8) refers to printf8.o(i._printf_core) for _printf_core
    printf8.o(i.__0vfprintf$8) refers to driver.o(.text) for fputc
    printf8.o(i.__0vprintf$8) refers to printf8.o(i._printf_core) for _printf_core
    printf8.o(i.__0vprintf$8) refers to driver.o(.text) for fputc
    printf8.o(i.__0vprintf$8) refers to stdout.o(.data) for __stdout
    printf8.o(i.__0vsnprintf$8) refers to printf8.o(i._printf_core) for _printf_core
    printf8.o(i.__0vsnprintf$8) refers to printf8.o(i._snputc) for _snputc
    printf8.o(i.__0vsprintf$8) refers to printf8.o(i._printf_core) for _printf_core
    printf8.o(i.__0vsprintf$8) refers to printf8.o(i._sputc) for _sputc
    printf8.o(i._printf_core) refers to printf8.o(i._printf_pre_padding) for _printf_pre_padding
    printf8.o(i._printf_core) refers to uldiv.o(.text) for __aeabi_uldivmod
    printf8.o(i._printf_core) refers to printf8.o(i._printf_post_padding) for _printf_post_padding
    printfa.o(i.__0fprintf) refers (Special) to iusefp.o(.text) for __I$use$fp
    printfa.o(i.__0fprintf) refers to printfa.o(i._printf_core) for _printf_core
    printfa.o(i.__0fprintf) refers to driver.o(.text) for fputc
    printfa.o(i.__0printf) refers (Special) to iusefp.o(.text) for __I$use$fp
    printfa.o(i.__0printf) refers to printfa.o(i._printf_core) for _printf_core
    printfa.o(i.__0printf) refers to driver.o(.text) for fputc
    printfa.o(i.__0printf) refers to stdout.o(.data) for __stdout
    printfa.o(i.__0snprintf) refers (Special) to iusefp.o(.text) for __I$use$fp
    printfa.o(i.__0snprintf) refers to printfa.o(i._printf_core) for _printf_core
    printfa.o(i.__0snprintf) refers to printfa.o(i._snputc) for _snputc
    printfa.o(i.__0sprintf) refers (Special) to iusefp.o(.text) for __I$use$fp
    printfa.o(i.__0sprintf) refers to printfa.o(i._printf_core) for _printf_core
    printfa.o(i.__0sprintf) refers to printfa.o(i._sputc) for _sputc
    printfa.o(i.__0vfprintf) refers (Special) to iusefp.o(.text) for __I$use$fp
    printfa.o(i.__0vfprintf) refers to printfa.o(i._printf_core) for _printf_core
    printfa.o(i.__0vfprintf) refers to driver.o(.text) for fputc
    printfa.o(i.__0vprintf) refers (Special) to iusefp.o(.text) for __I$use$fp
    printfa.o(i.__0vprintf) refers to printfa.o(i._printf_core) for _printf_core
    printfa.o(i.__0vprintf) refers to driver.o(.text) for fputc
    printfa.o(i.__0vprintf) refers to stdout.o(.data) for __stdout
    printfa.o(i.__0vsnprintf) refers (Special) to iusefp.o(.text) for __I$use$fp
    printfa.o(i.__0vsnprintf) refers to printfa.o(i._printf_core) for _printf_core
    printfa.o(i.__0vsnprintf) refers to printfa.o(i._snputc) for _snputc
    printfa.o(i.__0vsprintf) refers (Special) to iusefp.o(.text) for __I$use$fp
    printfa.o(i.__0vsprintf) refers to printfa.o(i._printf_core) for _printf_core
    printfa.o(i.__0vsprintf) refers to printfa.o(i._sputc) for _sputc
    printfa.o(i._fp_digits) refers (Special) to iusefp.o(.text) for __I$use$fp
    printfa.o(i._fp_digits) refers to dmul.o(.text) for __aeabi_dmul
    printfa.o(i._fp_digits) refers to ddiv.o(.text) for __aeabi_ddiv
    printfa.o(i._fp_digits) refers to cdrcmple.o(.text) for __aeabi_cdrcmple
    printfa.o(i._fp_digits) refers to dadd.o(.text) for __aeabi_dadd
    printfa.o(i._fp_digits) refers to dfixul.o(.text) for __aeabi_d2ulz
    printfa.o(i._fp_digits) refers to uldiv.o(.text) for __aeabi_uldivmod
    printfa.o(i._printf_core) refers (Special) to iusefp.o(.text) for __I$use$fp
    printfa.o(i._printf_core) refers to printfa.o(i._printf_pre_padding) for _printf_pre_padding
    printfa.o(i._printf_core) refers to uldiv.o(.text) for __aeabi_uldivmod
    printfa.o(i._printf_core) refers to printfa.o(i._printf_post_padding) for _printf_post_padding
    printfa.o(i._printf_core) refers to printfa.o(i._fp_digits) for _fp_digits
    printfa.o(i._printf_core) refers to uidiv.o(.text) for __aeabi_uidivmod
    printfa.o(i._printf_post_padding) refers (Special) to iusefp.o(.text) for __I$use$fp
    printfa.o(i._printf_pre_padding) refers (Special) to iusefp.o(.text) for __I$use$fp
    printfa.o(i._snputc) refers (Special) to iusefp.o(.text) for __I$use$fp
    printfa.o(i._sputc) refers (Special) to iusefp.o(.text) for __I$use$fp
    fadd.o(.text) refers (Special) to iusefp.o(.text) for __I$use$fp
    fadd.o(.text) refers to fepilogue.o(.text) for _float_epilogue
    fmul.o(.text) refers (Special) to iusefp.o(.text) for __I$use$fp
    fdiv.o(.text) refers (Special) to iusefp.o(.text) for __I$use$fp
    fdiv.o(.text) refers to fepilogue.o(.text) for _float_round
    dadd.o(.text) refers (Special) to iusefp.o(.text) for __I$use$fp
    dadd.o(.text) refers to llshl.o(.text) for __aeabi_llsl
    dadd.o(.text) refers to llsshr.o(.text) for __aeabi_lasr
    dadd.o(.text) refers to depilogue.o(.text) for _double_epilogue
    dmul.o(.text) refers (Special) to iusefp.o(.text) for __I$use$fp
    dmul.o(.text) refers to depilogue.o(.text) for _double_epilogue
    fflti.o(.text) refers (Special) to iusefp.o(.text) for __I$use$fp
    fflti.o(.text) refers to fepilogue.o(.text) for _float_epilogue
    ffltui.o(.text) refers (Special) to iusefp.o(.text) for __I$use$fp
    ffltui.o(.text) refers to fepilogue.o(.text) for _float_epilogue
    dfltui.o(.text) refers (Special) to iusefp.o(.text) for __I$use$fp
    dfltui.o(.text) refers to depilogue.o(.text) for _double_epilogue
    ffixui.o(.text) refers (Special) to iusefp.o(.text) for __I$use$fp
    dfixui.o(.text) refers (Special) to iusefp.o(.text) for __I$use$fp
    dfixui.o(.text) refers to llushr.o(.text) for __aeabi_llsr
    entry2.o(.ARM.Collect$$$$00000001) refers to entry2.o(.ARM.Collect$$$$00002712) for __lit__00000000
    entry2.o(.ARM.Collect$$$$00002712) refers to startup_gd32f1x0.o(STACK) for __initial_sp
    entry2.o(__vectab_stack_and_reset_area) refers to startup_gd32f1x0.o(STACK) for __initial_sp
    entry2.o(__vectab_stack_and_reset_area) refers to entry.o(.ARM.Collect$$$$00000000) for __main
    entry5.o(.ARM.Collect$$$$00000004) refers to init.o(.text) for __scatterload
    entry9a.o(.ARM.Collect$$$$0000000B) refers to main.o(.text) for main
    entry9b.o(.ARM.Collect$$$$0000000C) refers to main.o(.text) for main
    uldiv.o(.text) refers to llushr.o(.text) for __aeabi_llsr
    uldiv.o(.text) refers to llshl.o(.text) for __aeabi_llsl
    depilogue.o(.text) refers to llshl.o(.text) for __aeabi_llsl
    depilogue.o(.text) refers to llushr.o(.text) for __aeabi_llsr
    ddiv.o(.text) refers to depilogue.o(.text) for _double_round
    dfixul.o(.text) refers to llushr.o(.text) for __aeabi_llsr
    dfixul.o(.text) refers to llshl.o(.text) for __aeabi_llsl
    init.o(.text) refers to entry5.o(.ARM.Collect$$$$00000004) for __main_after_scatterload


==============================================================================

Removing Unused input sections from the image.

    Removing main.o(.rev16_text), (4 bytes).
    Removing main.o(.revsh_text), (4 bytes).
    Removing sg.o(.rev16_text), (4 bytes).
    Removing sg.o(.revsh_text), (4 bytes).
    Removing sg.o(.bss), (16 bytes).
    Removing driver.o(.rev16_text), (4 bytes).
    Removing driver.o(.revsh_text), (4 bytes).
    Removing gd32f1x0_it.o(.rev16_text), (4 bytes).
    Removing gd32f1x0_it.o(.revsh_text), (4 bytes).
    Removing system_gd32f1x0.o(.rev16_text), (4 bytes).
    Removing system_gd32f1x0.o(.revsh_text), (4 bytes).
    Removing gd32f1x0_dac.o(.rev16_text), (4 bytes).
    Removing gd32f1x0_dac.o(.revsh_text), (4 bytes).
    Removing gd32f1x0_dbg.o(.rev16_text), (4 bytes).
    Removing gd32f1x0_dbg.o(.revsh_text), (4 bytes).
    Removing gd32f1x0_dbg.o(.text), (84 bytes).
    Removing gd32f1x0_dma.o(.rev16_text), (4 bytes).
    Removing gd32f1x0_dma.o(.revsh_text), (4 bytes).
    Removing gd32f1x0_fwdgt.o(.rev16_text), (4 bytes).
    Removing gd32f1x0_fwdgt.o(.revsh_text), (4 bytes).
    Removing gd32f1x0_gpio.o(.rev16_text), (4 bytes).
    Removing gd32f1x0_gpio.o(.revsh_text), (4 bytes).
    Removing gd32f1x0_rcu.o(.rev16_text), (4 bytes).
    Removing gd32f1x0_rcu.o(.revsh_text), (4 bytes).
    Removing gd32f1x0_syscfg.o(.rev16_text), (4 bytes).
    Removing gd32f1x0_syscfg.o(.revsh_text), (4 bytes).
    Removing gd32f1x0_syscfg.o(.text), (192 bytes).
    Removing gd32f1x0_timer.o(.rev16_text), (4 bytes).
    Removing gd32f1x0_timer.o(.revsh_text), (4 bytes).
    Removing gd32f1x0_usart.o(.rev16_text), (4 bytes).
    Removing gd32f1x0_usart.o(.revsh_text), (4 bytes).
    Removing gd32f1x0_misc.o(.rev16_text), (4 bytes).
    Removing gd32f1x0_misc.o(.revsh_text), (4 bytes).
    Removing startup_gd32f1x0.o(HEAP), (1024 bytes).
    Removing ddiv.o(.text), (222 bytes).
    Removing dfixul.o(.text), (48 bytes).
    Removing cdrcmple.o(.text), (48 bytes).

37 unused section(s) (total 1754 bytes) removed from the image.

==============================================================================

Image Symbol Table

    Local Symbols

    Symbol Name                              Value     Ov Type        Size  Object(Section)

    ../clib/../cmprslib/lz77c.c              0x00000000   Number         0  __dclz77c.o ABSOLUTE
    ../clib/microlib/division.c              0x00000000   Number         0  uldiv.o ABSOLUTE
    ../clib/microlib/division.c              0x00000000   Number         0  uidiv.o ABSOLUTE
    ../clib/microlib/init/entry.s            0x00000000   Number         0  entry9b.o ABSOLUTE
    ../clib/microlib/init/entry.s            0x00000000   Number         0  entry9a.o ABSOLUTE
    ../clib/microlib/init/entry.s            0x00000000   Number         0  entry8b.o ABSOLUTE
    ../clib/microlib/init/entry.s            0x00000000   Number         0  entry8a.o ABSOLUTE
    ../clib/microlib/init/entry.s            0x00000000   Number         0  entry7b.o ABSOLUTE
    ../clib/microlib/init/entry.s            0x00000000   Number         0  entry2.o ABSOLUTE
    ../clib/microlib/init/entry.s            0x00000000   Number         0  entry7a.o ABSOLUTE
    ../clib/microlib/init/entry.s            0x00000000   Number         0  entry5.o ABSOLUTE
    ../clib/microlib/init/entry.s            0x00000000   Number         0  entry11b.o ABSOLUTE
    ../clib/microlib/init/entry.s            0x00000000   Number         0  entry11a.o ABSOLUTE
    ../clib/microlib/init/entry.s            0x00000000   Number         0  entry10b.o ABSOLUTE
    ../clib/microlib/init/entry.s            0x00000000   Number         0  entry10a.o ABSOLUTE
    ../clib/microlib/init/entry.s            0x00000000   Number         0  entry.o ABSOLUTE
    ../clib/microlib/longlong.c              0x00000000   Number         0  llushr.o ABSOLUTE
    ../clib/microlib/longlong.c              0x00000000   Number         0  llshl.o ABSOLUTE
    ../clib/microlib/longlong.c              0x00000000   Number         0  llsshr.o ABSOLUTE
    ../clib/microlib/printf/printf.c         0x00000000   Number         0  printfb.o ABSOLUTE
    ../clib/microlib/printf/printf.c         0x00000000   Number         0  printf0.o ABSOLUTE
    ../clib/microlib/printf/printf.c         0x00000000   Number         0  printf1.o ABSOLUTE
    ../clib/microlib/printf/printf.c         0x00000000   Number         0  printf2.o ABSOLUTE
    ../clib/microlib/printf/printf.c         0x00000000   Number         0  printf3.o ABSOLUTE
    ../clib/microlib/printf/printf.c         0x00000000   Number         0  printf4.o ABSOLUTE
    ../clib/microlib/printf/printf.c         0x00000000   Number         0  printf5.o ABSOLUTE
    ../clib/microlib/printf/printf.c         0x00000000   Number         0  printf6.o ABSOLUTE
    ../clib/microlib/printf/printf.c         0x00000000   Number         0  printf7.o ABSOLUTE
    ../clib/microlib/printf/printf.c         0x00000000   Number         0  printf8.o ABSOLUTE
    ../clib/microlib/printf/printf.c         0x00000000   Number         0  printfa.o ABSOLUTE
    ../clib/microlib/printf/stubs.s          0x00000000   Number         0  stubs.o ABSOLUTE
    ../clib/microlib/stdio/streams.c         0x00000000   Number         0  stdout.o ABSOLUTE
    ../clib/microlib/string/memcpy.c         0x00000000   Number         0  memcpyb.o ABSOLUTE
    ../clib/microlib/string/memcpy.c         0x00000000   Number         0  memcpya.o ABSOLUTE
    ../clib/microlib/stubs.s                 0x00000000   Number         0  iusefp.o ABSOLUTE
    ../fplib/microlib/fpadd.c                0x00000000   Number         0  fadd.o ABSOLUTE
    ../fplib/microlib/fpadd.c                0x00000000   Number         0  dadd.o ABSOLUTE
    ../fplib/microlib/fpdiv.c                0x00000000   Number         0  ddiv.o ABSOLUTE
    ../fplib/microlib/fpdiv.c                0x00000000   Number         0  fdiv.o ABSOLUTE
    ../fplib/microlib/fpepilogue.c           0x00000000   Number         0  depilogue.o ABSOLUTE
    ../fplib/microlib/fpepilogue.c           0x00000000   Number         0  fepilogue.o ABSOLUTE
    ../fplib/microlib/fpfix.c                0x00000000   Number         0  dfixul.o ABSOLUTE
    ../fplib/microlib/fpfix.c                0x00000000   Number         0  dfixui.o ABSOLUTE
    ../fplib/microlib/fpfix.c                0x00000000   Number         0  ffixui.o ABSOLUTE
    ../fplib/microlib/fpflt.c                0x00000000   Number         0  dfltui.o ABSOLUTE
    ../fplib/microlib/fpflt.c                0x00000000   Number         0  ffltui.o ABSOLUTE
    ../fplib/microlib/fpflt.c                0x00000000   Number         0  fflti.o ABSOLUTE
    ../fplib/microlib/fpmul.c                0x00000000   Number         0  fmul.o ABSOLUTE
    ../fplib/microlib/fpmul.c                0x00000000   Number         0  dmul.o ABSOLUTE
    ..\\apps\\src\\SG.c                      0x00000000   Number         0  sg.o ABSOLUTE
    ..\\apps\\src\\main.c                    0x00000000   Number         0  main.o ABSOLUTE
    ..\\bsp\\src\\Driver.c                   0x00000000   Number         0  driver.o ABSOLUTE
    ..\\hardware\\GD32F1X0\\CMSIS\\Source\\gd32f1x0_it.c 0x00000000   Number         0  gd32f1x0_it.o ABSOLUTE
    ..\\hardware\\GD32F1X0\\CMSIS\\Source\\system_gd32f1x0.c 0x00000000   Number         0  system_gd32f1x0.o ABSOLUTE
    ..\\hardware\\GD32F1X0\\Library\\Source\\gd32f1x0_dac.c 0x00000000   Number         0  gd32f1x0_dac.o ABSOLUTE
    ..\\hardware\\GD32F1X0\\Library\\Source\\gd32f1x0_dbg.c 0x00000000   Number         0  gd32f1x0_dbg.o ABSOLUTE
    ..\\hardware\\GD32F1X0\\Library\\Source\\gd32f1x0_dma.c 0x00000000   Number         0  gd32f1x0_dma.o ABSOLUTE
    ..\\hardware\\GD32F1X0\\Library\\Source\\gd32f1x0_fwdgt.c 0x00000000   Number         0  gd32f1x0_fwdgt.o ABSOLUTE
    ..\\hardware\\GD32F1X0\\Library\\Source\\gd32f1x0_gpio.c 0x00000000   Number         0  gd32f1x0_gpio.o ABSOLUTE
    ..\\hardware\\GD32F1X0\\Library\\Source\\gd32f1x0_misc.c 0x00000000   Number         0  gd32f1x0_misc.o ABSOLUTE
    ..\\hardware\\GD32F1X0\\Library\\Source\\gd32f1x0_rcu.c 0x00000000   Number         0  gd32f1x0_rcu.o ABSOLUTE
    ..\\hardware\\GD32F1X0\\Library\\Source\\gd32f1x0_syscfg.c 0x00000000   Number         0  gd32f1x0_syscfg.o ABSOLUTE
    ..\\hardware\\GD32F1X0\\Library\\Source\\gd32f1x0_timer.c 0x00000000   Number         0  gd32f1x0_timer.o ABSOLUTE
    ..\\hardware\\GD32F1X0\\Library\\Source\\gd32f1x0_usart.c 0x00000000   Number         0  gd32f1x0_usart.o ABSOLUTE
    ..\apps\src\SG.c                         0x00000000   Number         0  sg.o ABSOLUTE
    ..\apps\src\main.c                       0x00000000   Number         0  main.o ABSOLUTE
    ..\bsp\src\Driver.c                      0x00000000   Number         0  driver.o ABSOLUTE
    ..\hardware\GD32F1X0\CMSIS\Source\gd32f1x0_it.c 0x00000000   Number         0  gd32f1x0_it.o ABSOLUTE
    ..\hardware\GD32F1X0\CMSIS\Source\system_gd32f1x0.c 0x00000000   Number         0  system_gd32f1x0.o ABSOLUTE
    ..\hardware\GD32F1X0\Library\Source\gd32f1x0_dac.c 0x00000000   Number         0  gd32f1x0_dac.o ABSOLUTE
    ..\hardware\GD32F1X0\Library\Source\gd32f1x0_dbg.c 0x00000000   Number         0  gd32f1x0_dbg.o ABSOLUTE
    ..\hardware\GD32F1X0\Library\Source\gd32f1x0_dma.c 0x00000000   Number         0  gd32f1x0_dma.o ABSOLUTE
    ..\hardware\GD32F1X0\Library\Source\gd32f1x0_fwdgt.c 0x00000000   Number         0  gd32f1x0_fwdgt.o ABSOLUTE
    ..\hardware\GD32F1X0\Library\Source\gd32f1x0_gpio.c 0x00000000   Number         0  gd32f1x0_gpio.o ABSOLUTE
    ..\hardware\GD32F1X0\Library\Source\gd32f1x0_misc.c 0x00000000   Number         0  gd32f1x0_misc.o ABSOLUTE
    ..\hardware\GD32F1X0\Library\Source\gd32f1x0_rcu.c 0x00000000   Number         0  gd32f1x0_rcu.o ABSOLUTE
    ..\hardware\GD32F1X0\Library\Source\gd32f1x0_syscfg.c 0x00000000   Number         0  gd32f1x0_syscfg.o ABSOLUTE
    ..\hardware\GD32F1X0\Library\Source\gd32f1x0_timer.c 0x00000000   Number         0  gd32f1x0_timer.o ABSOLUTE
    ..\hardware\GD32F1X0\Library\Source\gd32f1x0_usart.c 0x00000000   Number         0  gd32f1x0_usart.o ABSOLUTE
    ..\hardware\GD32F1X0\Startup\ARM\GD32F150G8\startup_gd32f1x0.s 0x00000000   Number         0  startup_gd32f1x0.o ABSOLUTE
    cdrcmple.s                               0x00000000   Number         0  cdrcmple.o ABSOLUTE
    dc.s                                     0x00000000   Number         0  dc.o ABSOLUTE
    handlers.s                               0x00000000   Number         0  handlers.o ABSOLUTE
    init.s                                   0x00000000   Number         0  init.o ABSOLUTE
    RESET                                    0x08000000   Section      360  startup_gd32f1x0.o(RESET)
    .ARM.Collect$$$$00000000                 0x08000168   Section        0  entry.o(.ARM.Collect$$$$00000000)
    .ARM.Collect$$$$00000001                 0x08000168   Section        4  entry2.o(.ARM.Collect$$$$00000001)
    .ARM.Collect$$$$00000004                 0x0800016c   Section        4  entry5.o(.ARM.Collect$$$$00000004)
    .ARM.Collect$$$$00000008                 0x08000170   Section        0  entry7b.o(.ARM.Collect$$$$00000008)
    .ARM.Collect$$$$0000000A                 0x08000170   Section        0  entry8b.o(.ARM.Collect$$$$0000000A)
    .ARM.Collect$$$$0000000B                 0x08000170   Section        8  entry9a.o(.ARM.Collect$$$$0000000B)
    .ARM.Collect$$$$0000000D                 0x08000178   Section        0  entry10a.o(.ARM.Collect$$$$0000000D)
    .ARM.Collect$$$$0000000F                 0x08000178   Section        0  entry11a.o(.ARM.Collect$$$$0000000F)
    .ARM.Collect$$$$00002712                 0x08000178   Section        4  entry2.o(.ARM.Collect$$$$00002712)
    __lit__00000000                          0x08000178   Data           4  entry2.o(.ARM.Collect$$$$00002712)
    .text                                    0x0800017c   Section        0  main.o(.text)
    .text                                    0x0800021c   Section        0  sg.o(.text)
    .text                                    0x080009d8   Section        0  driver.o(.text)
    .text                                    0x08000e0e   Section        0  gd32f1x0_it.o(.text)
    .text                                    0x08000e20   Section        0  system_gd32f1x0.o(.text)
    system_clock_72m_irc8m                   0x08000edd   Thumb Code    68  system_gd32f1x0.o(.text)
    .text                                    0x08000f54   Section        0  gd32f1x0_dac.o(.text)
    .text                                    0x08001088   Section        0  gd32f1x0_dma.o(.text)
    .text                                    0x0800134c   Section        0  gd32f1x0_fwdgt.o(.text)
    .text                                    0x080013f4   Section        0  gd32f1x0_gpio.o(.text)
    .text                                    0x08001580   Section        0  gd32f1x0_rcu.o(.text)
    .text                                    0x08001b48   Section        0  gd32f1x0_timer.o(.text)
    .text                                    0x080026ec   Section        0  gd32f1x0_usart.o(.text)
    .text                                    0x08002ccc   Section        0  gd32f1x0_misc.o(.text)
    .text                                    0x08002dbc   Section       36  startup_gd32f1x0.o(.text)
    .text                                    0x08002de0   Section        0  memcpya.o(.text)
    .text                                    0x08002e04   Section        0  fadd.o(.text)
    .text                                    0x08002eb4   Section        0  fmul.o(.text)
    .text                                    0x08002f18   Section        0  fdiv.o(.text)
    .text                                    0x08002f94   Section        0  dadd.o(.text)
    .text                                    0x080030e2   Section        0  dmul.o(.text)
    .text                                    0x080031c6   Section        0  fflti.o(.text)
    .text                                    0x080031d8   Section        0  ffltui.o(.text)
    .text                                    0x080031e2   Section        0  dfltui.o(.text)
    .text                                    0x080031fc   Section        0  ffixui.o(.text)
    .text                                    0x08003224   Section        0  dfixui.o(.text)
    .text                                    0x08003256   Section        0  uldiv.o(.text)
    .text                                    0x080032b8   Section        0  llshl.o(.text)
    .text                                    0x080032d6   Section        0  llushr.o(.text)
    .text                                    0x080032f6   Section        0  llsshr.o(.text)
    .text                                    0x0800331a   Section        0  fepilogue.o(.text)
    .text                                    0x0800331a   Section        0  iusefp.o(.text)
    .text                                    0x08003388   Section        0  depilogue.o(.text)
    .text                                    0x08003444   Section       36  init.o(.text)
    .text                                    0x08003468   Section        0  __dclz77c.o(.text)
    i.__0printf$5                            0x080034c8   Section        0  printf5.o(i.__0printf$5)
    i.__scatterload_copy                     0x080034e8   Section       14  handlers.o(i.__scatterload_copy)
    i.__scatterload_null                     0x080034f6   Section        2  handlers.o(i.__scatterload_null)
    i.__scatterload_zeroinit                 0x080034f8   Section       14  handlers.o(i.__scatterload_zeroinit)
    i._printf_core                           0x08003508   Section        0  printf5.o(i._printf_core)
    _printf_core                             0x08003509   Thumb Code   658  printf5.o(i._printf_core)
    .data                                    0x20000000   Section     1500  sg.o(.data)
    .data                                    0x200005dc   Section        6  driver.o(.data)
    .data                                    0x200005e4   Section        4  driver.o(.data)
    .data                                    0x200005e8   Section        4  system_gd32f1x0.o(.data)
    .data                                    0x200005ec   Section        4  stdout.o(.data)
    .bss                                     0x200005f0   Section       32  sg.o(.bss)
    .bss                                     0x20000610   Section      100  driver.o(.bss)
    STACK                                    0x20000678   Section     1024  startup_gd32f1x0.o(STACK)

    Global Symbols

    Symbol Name                              Value     Ov Type        Size  Object(Section)

    BuildAttributes$$THM_ISAv4$P$D$K$B$S$PE$A:L22UL41UL21$X:L11$S22US41US21$IEEE1$IW$USESV6$~STKCKD$USESV7$~SHL$OTIME$ROPI$EBA8$MICROLIB$REQ8$PRES8$EABIv2 0x00000000   Number         0  anon$$obj.o ABSOLUTE
    __ARM_use_no_argv                        0x00000000   Number         0  main.o ABSOLUTE
    _printf_a                                0x00000000   Number         0  stubs.o ABSOLUTE
    _printf_c                                0x00000000   Number         0  stubs.o ABSOLUTE
    _printf_charcount                        0x00000000   Number         0  stubs.o ABSOLUTE
    _printf_d                                0x00000000   Number         0  stubs.o ABSOLUTE
    _printf_e                                0x00000000   Number         0  stubs.o ABSOLUTE
    _printf_f                                0x00000000   Number         0  stubs.o ABSOLUTE
    _printf_flags                            0x00000000   Number         0  stubs.o ABSOLUTE
    _printf_fp_dec                           0x00000000   Number         0  stubs.o ABSOLUTE
    _printf_fp_hex                           0x00000000   Number         0  stubs.o ABSOLUTE
    _printf_g                                0x00000000   Number         0  stubs.o ABSOLUTE
    _printf_i                                0x00000000   Number         0  stubs.o ABSOLUTE
    _printf_int_dec                          0x00000000   Number         0  stubs.o ABSOLUTE
    _printf_l                                0x00000000   Number         0  stubs.o ABSOLUTE
    _printf_lc                               0x00000000   Number         0  stubs.o ABSOLUTE
    _printf_ll                               0x00000000   Number         0  stubs.o ABSOLUTE
    _printf_lld                              0x00000000   Number         0  stubs.o ABSOLUTE
    _printf_lli                              0x00000000   Number         0  stubs.o ABSOLUTE
    _printf_llo                              0x00000000   Number         0  stubs.o ABSOLUTE
    _printf_llu                              0x00000000   Number         0  stubs.o ABSOLUTE
    _printf_llx                              0x00000000   Number         0  stubs.o ABSOLUTE
    _printf_longlong_dec                     0x00000000   Number         0  stubs.o ABSOLUTE
    _printf_longlong_hex                     0x00000000   Number         0  stubs.o ABSOLUTE
    _printf_longlong_oct                     0x00000000   Number         0  stubs.o ABSOLUTE
    _printf_ls                               0x00000000   Number         0  stubs.o ABSOLUTE
    _printf_mbtowc                           0x00000000   Number         0  stubs.o ABSOLUTE
    _printf_n                                0x00000000   Number         0  stubs.o ABSOLUTE
    _printf_o                                0x00000000   Number         0  stubs.o ABSOLUTE
    _printf_p                                0x00000000   Number         0  stubs.o ABSOLUTE
    _printf_percent                          0x00000000   Number         0  stubs.o ABSOLUTE
    _printf_pre_padding                      0x00000000   Number         0  stubs.o ABSOLUTE
    _printf_return_value                     0x00000000   Number         0  stubs.o ABSOLUTE
    _printf_s                                0x00000000   Number         0  stubs.o ABSOLUTE
    _printf_sizespec                         0x00000000   Number         0  stubs.o ABSOLUTE
    _printf_str                              0x00000000   Number         0  stubs.o ABSOLUTE
    _printf_truncate_signed                  0x00000000   Number         0  stubs.o ABSOLUTE
    _printf_truncate_unsigned                0x00000000   Number         0  stubs.o ABSOLUTE
    _printf_u                                0x00000000   Number         0  stubs.o ABSOLUTE
    _printf_wc                               0x00000000   Number         0  stubs.o ABSOLUTE
    _printf_wctomb                           0x00000000   Number         0  stubs.o ABSOLUTE
    _printf_widthprec                        0x00000000   Number         0  stubs.o ABSOLUTE
    _printf_x                                0x00000000   Number         0  stubs.o ABSOLUTE
    __cpp_initialize__aeabi_                  - Undefined Weak Reference
    __cxa_finalize                            - Undefined Weak Reference
    _clock_init                               - Undefined Weak Reference
    _microlib_exit                            - Undefined Weak Reference
    __Vectors_Size                           0x00000168   Number         0  startup_gd32f1x0.o ABSOLUTE
    __Vectors                                0x08000000   Data           4  startup_gd32f1x0.o(RESET)
    __Vectors_End                            0x08000168   Data           0  startup_gd32f1x0.o(RESET)
    __main                                   0x08000169   Thumb Code     0  entry.o(.ARM.Collect$$$$00000000)
    _main_stk                                0x08000169   Thumb Code     0  entry2.o(.ARM.Collect$$$$00000001)
    _main_scatterload                        0x0800016d   Thumb Code     0  entry5.o(.ARM.Collect$$$$00000004)
    __main_after_scatterload                 0x08000171   Thumb Code     0  entry5.o(.ARM.Collect$$$$00000004)
    _main_clock                              0x08000171   Thumb Code     0  entry7b.o(.ARM.Collect$$$$00000008)
    _main_cpp_init                           0x08000171   Thumb Code     0  entry8b.o(.ARM.Collect$$$$0000000A)
    _main_init                               0x08000171   Thumb Code     0  entry9a.o(.ARM.Collect$$$$0000000B)
    __rt_final_cpp                           0x08000179   Thumb Code     0  entry10a.o(.ARM.Collect$$$$0000000D)
    __rt_final_exit                          0x08000179   Thumb Code     0  entry11a.o(.ARM.Collect$$$$0000000F)
    main                                     0x0800017d   Thumb Code   132  main.o(.text)
    SG_Init                                  0x0800021d   Thumb Code   184  sg.o(.text)
    Calculate_Ref_Signal                     0x080002d5   Thumb Code   734  sg.o(.text)
    Update_DMA_BUFF                          0x080005b3   Thumb Code   222  sg.o(.text)
    Decode_UART_CMD                          0x08000691   Thumb Code   500  sg.o(.text)
    LED_CTL                                  0x08000885   Thumb Code   302  sg.o(.text)
    LED_SW                                   0x080009d9   Thumb Code    74  driver.o(.text)
    LED_Init                                 0x08000a23   Thumb Code   210  driver.o(.text)
    UART1_Init                               0x08000af5   Thumb Code   146  driver.o(.text)
    fputc                                    0x08000b87   Thumb Code    36  driver.o(.text)
    Timer5_Init                              0x08000bab   Thumb Code    78  driver.o(.text)
    DMA_Init                                 0x08000bf9   Thumb Code   106  driver.o(.text)
    DAC0_Init                                0x08000c63   Thumb Code    62  driver.o(.text)
    USART1_IRQHandler                        0x08000ca1   Thumb Code   134  driver.o(.text)
    UART_Send                                0x08000d27   Thumb Code    64  driver.o(.text)
    DMA_Channel1_2_IRQHandler                0x08000d67   Thumb Code   168  driver.o(.text)
    NMI_Handler                              0x08000e0f   Thumb Code     2  gd32f1x0_it.o(.text)
    HardFault_Handler                        0x08000e11   Thumb Code     2  gd32f1x0_it.o(.text)
    MemManage_Handler                        0x08000e13   Thumb Code     2  gd32f1x0_it.o(.text)
    BusFault_Handler                         0x08000e15   Thumb Code     2  gd32f1x0_it.o(.text)
    UsageFault_Handler                       0x08000e17   Thumb Code     2  gd32f1x0_it.o(.text)
    SVC_Handler                              0x08000e19   Thumb Code     2  gd32f1x0_it.o(.text)
    DebugMon_Handler                         0x08000e1b   Thumb Code     2  gd32f1x0_it.o(.text)
    PendSV_Handler                           0x08000e1d   Thumb Code     2  gd32f1x0_it.o(.text)
    SystemInit                               0x08000e21   Thumb Code    82  system_gd32f1x0.o(.text)
    SystemCoreClockUpdate                    0x08000e73   Thumb Code   106  system_gd32f1x0.o(.text)
    dac_deinit                               0x08000f55   Thumb Code    22  gd32f1x0_dac.o(.text)
    dac0_enable                              0x08000f6b   Thumb Code    12  gd32f1x0_dac.o(.text)
    dac0_disable                             0x08000f77   Thumb Code    12  gd32f1x0_dac.o(.text)
    dac0_dma_enable                          0x08000f83   Thumb Code    12  gd32f1x0_dac.o(.text)
    dac0_dma_disable                         0x08000f8f   Thumb Code    12  gd32f1x0_dac.o(.text)
    dac0_output_buffer_enable                0x08000f9b   Thumb Code    12  gd32f1x0_dac.o(.text)
    dac0_output_buffer_disable               0x08000fa7   Thumb Code    12  gd32f1x0_dac.o(.text)
    dac0_trigger_enable                      0x08000fb3   Thumb Code    12  gd32f1x0_dac.o(.text)
    dac0_trigger_disable                     0x08000fbf   Thumb Code    12  gd32f1x0_dac.o(.text)
    dac0_software_trigger_enable             0x08000fcb   Thumb Code    14  gd32f1x0_dac.o(.text)
    dac0_software_trigger_disable            0x08000fd9   Thumb Code    14  gd32f1x0_dac.o(.text)
    dac0_interrupt_enable                    0x08000fe7   Thumb Code    12  gd32f1x0_dac.o(.text)
    dac0_interrupt_disable                   0x08000ff3   Thumb Code    12  gd32f1x0_dac.o(.text)
    dac0_trigger_source_config               0x08000fff   Thumb Code    18  gd32f1x0_dac.o(.text)
    dac0_output_value_get                    0x08001011   Thumb Code    10  gd32f1x0_dac.o(.text)
    dac0_flag_get                            0x0800101b   Thumb Code    18  gd32f1x0_dac.o(.text)
    dac0_flag_clear                          0x0800102d   Thumb Code    14  gd32f1x0_dac.o(.text)
    dac0_interrupt_flag_get                  0x0800103b   Thumb Code    30  gd32f1x0_dac.o(.text)
    dac0_interrupt_flag_clear                0x08001059   Thumb Code    12  gd32f1x0_dac.o(.text)
    dac0_data_set                            0x08001065   Thumb Code    30  gd32f1x0_dac.o(.text)
    dma_deinit                               0x08001089   Thumb Code    42  gd32f1x0_dma.o(.text)
    dma_init                                 0x080010b3   Thumb Code   106  gd32f1x0_dma.o(.text)
    dma_circulation_enable                   0x0800111d   Thumb Code    20  gd32f1x0_dma.o(.text)
    dma_circulation_disable                  0x08001131   Thumb Code    20  gd32f1x0_dma.o(.text)
    dma_memory_to_memory_enable              0x08001145   Thumb Code    20  gd32f1x0_dma.o(.text)
    dma_memory_to_memory_disable             0x08001159   Thumb Code    20  gd32f1x0_dma.o(.text)
    dma_channel_enable                       0x0800116d   Thumb Code    20  gd32f1x0_dma.o(.text)
    dma_channel_disable                      0x08001181   Thumb Code    20  gd32f1x0_dma.o(.text)
    dma_periph_address_config                0x08001195   Thumb Code    14  gd32f1x0_dma.o(.text)
    dma_memory_address_config                0x080011a3   Thumb Code    14  gd32f1x0_dma.o(.text)
    dma_transfer_number_config               0x080011b1   Thumb Code    14  gd32f1x0_dma.o(.text)
    dma_transfer_number_get                  0x080011bf   Thumb Code    14  gd32f1x0_dma.o(.text)
    dma_priority_config                      0x080011cd   Thumb Code    22  gd32f1x0_dma.o(.text)
    dma_memory_width_config                  0x080011e3   Thumb Code    22  gd32f1x0_dma.o(.text)
    dma_periph_width_config                  0x080011f9   Thumb Code    22  gd32f1x0_dma.o(.text)
    dma_memory_increase_enable               0x0800120f   Thumb Code    20  gd32f1x0_dma.o(.text)
    dma_memory_increase_disable              0x08001223   Thumb Code    20  gd32f1x0_dma.o(.text)
    dma_periph_increase_enable               0x08001237   Thumb Code    20  gd32f1x0_dma.o(.text)
    dma_periph_increase_disable              0x0800124b   Thumb Code    20  gd32f1x0_dma.o(.text)
    dma_transfer_direction_config            0x0800125f   Thumb Code    30  gd32f1x0_dma.o(.text)
    dma_interrupt_flag_get                   0x0800127d   Thumb Code   120  gd32f1x0_dma.o(.text)
    dma_interrupt_flag_clear                 0x080012f5   Thumb Code    14  gd32f1x0_dma.o(.text)
    dma_interrupt_enable                     0x08001303   Thumb Code    18  gd32f1x0_dma.o(.text)
    dma_interrupt_disable                    0x08001315   Thumb Code    18  gd32f1x0_dma.o(.text)
    dma_flag_get                             0x08001327   Thumb Code    20  gd32f1x0_dma.o(.text)
    dma_flag_clear                           0x0800133b   Thumb Code    14  gd32f1x0_dma.o(.text)
    fwdgt_write_disable                      0x0800134d   Thumb Code     8  gd32f1x0_fwdgt.o(.text)
    fwdgt_counter_reload                     0x08001355   Thumb Code    10  gd32f1x0_fwdgt.o(.text)
    fwdgt_enable                             0x0800135f   Thumb Code    10  gd32f1x0_fwdgt.o(.text)
    fwdgt_window_value_config                0x08001369   Thumb Code    42  gd32f1x0_fwdgt.o(.text)
    fwdgt_config                             0x08001393   Thumb Code    72  gd32f1x0_fwdgt.o(.text)
    fwdgt_flag_get                           0x080013db   Thumb Code    16  gd32f1x0_fwdgt.o(.text)
    gpio_deinit                              0x080013f5   Thumb Code    82  gd32f1x0_gpio.o(.text)
    gpio_mode_set                            0x08001447   Thumb Code    70  gd32f1x0_gpio.o(.text)
    gpio_output_options_set                  0x0800148d   Thumb Code    64  gd32f1x0_gpio.o(.text)
    gpio_bit_set                             0x080014cd   Thumb Code     4  gd32f1x0_gpio.o(.text)
    gpio_bit_reset                           0x080014d1   Thumb Code     4  gd32f1x0_gpio.o(.text)
    gpio_bit_write                           0x080014d5   Thumb Code    10  gd32f1x0_gpio.o(.text)
    gpio_port_write                          0x080014df   Thumb Code     4  gd32f1x0_gpio.o(.text)
    gpio_input_bit_get                       0x080014e3   Thumb Code    10  gd32f1x0_gpio.o(.text)
    gpio_input_port_get                      0x080014ed   Thumb Code     6  gd32f1x0_gpio.o(.text)
    gpio_output_bit_get                      0x080014f3   Thumb Code    10  gd32f1x0_gpio.o(.text)
    gpio_output_port_get                     0x080014fd   Thumb Code     6  gd32f1x0_gpio.o(.text)
    gpio_af_set                              0x08001503   Thumb Code   102  gd32f1x0_gpio.o(.text)
    gpio_pin_lock                            0x08001569   Thumb Code    16  gd32f1x0_gpio.o(.text)
    rcu_deinit                               0x08001581   Thumb Code    80  gd32f1x0_rcu.o(.text)
    rcu_periph_clock_enable                  0x080015d1   Thumb Code    22  gd32f1x0_rcu.o(.text)
    rcu_periph_clock_disable                 0x080015e7   Thumb Code    22  gd32f1x0_rcu.o(.text)
    rcu_periph_clock_sleep_enable            0x080015fd   Thumb Code    22  gd32f1x0_rcu.o(.text)
    rcu_periph_clock_sleep_disable           0x08001613   Thumb Code    22  gd32f1x0_rcu.o(.text)
    rcu_periph_reset_enable                  0x08001629   Thumb Code    22  gd32f1x0_rcu.o(.text)
    rcu_periph_reset_disable                 0x0800163f   Thumb Code    22  gd32f1x0_rcu.o(.text)
    rcu_bkp_reset_enable                     0x08001655   Thumb Code    12  gd32f1x0_rcu.o(.text)
    rcu_bkp_reset_disable                    0x08001661   Thumb Code    12  gd32f1x0_rcu.o(.text)
    rcu_system_clock_source_config           0x0800166d   Thumb Code    14  gd32f1x0_rcu.o(.text)
    rcu_system_clock_source_get              0x0800167b   Thumb Code    10  gd32f1x0_rcu.o(.text)
    rcu_ahb_clock_config                     0x08001685   Thumb Code    14  gd32f1x0_rcu.o(.text)
    rcu_apb1_clock_config                    0x08001693   Thumb Code    14  gd32f1x0_rcu.o(.text)
    rcu_apb2_clock_config                    0x080016a1   Thumb Code    14  gd32f1x0_rcu.o(.text)
    rcu_adc_clock_config                     0x080016af   Thumb Code    78  gd32f1x0_rcu.o(.text)
    rcu_usbd_clock_config                    0x080016fd   Thumb Code    18  gd32f1x0_rcu.o(.text)
    rcu_ckout_config                         0x0800170f   Thumb Code    16  gd32f1x0_rcu.o(.text)
    rcu_pll_config                           0x0800171f   Thumb Code    22  gd32f1x0_rcu.o(.text)
    rcu_usart_clock_config                   0x08001735   Thumb Code    18  gd32f1x0_rcu.o(.text)
    rcu_cec_clock_config                     0x08001747   Thumb Code    18  gd32f1x0_rcu.o(.text)
    rcu_rtc_clock_config                     0x08001759   Thumb Code    18  gd32f1x0_rcu.o(.text)
    rcu_hxtal_prediv_config                  0x0800176b   Thumb Code    14  gd32f1x0_rcu.o(.text)
    rcu_lxtal_drive_capability_config        0x08001779   Thumb Code    18  gd32f1x0_rcu.o(.text)
    rcu_flag_get                             0x0800178b   Thumb Code    28  gd32f1x0_rcu.o(.text)
    rcu_all_reset_flag_clear                 0x080017a7   Thumb Code    12  gd32f1x0_rcu.o(.text)
    rcu_interrupt_flag_get                   0x080017b3   Thumb Code    16  gd32f1x0_rcu.o(.text)
    rcu_interrupt_flag_clear                 0x080017c3   Thumb Code    10  gd32f1x0_rcu.o(.text)
    rcu_interrupt_enable                     0x080017cd   Thumb Code    10  gd32f1x0_rcu.o(.text)
    rcu_interrupt_disable                    0x080017d7   Thumb Code    10  gd32f1x0_rcu.o(.text)
    rcu_osci_stab_wait                       0x080017e1   Thumb Code   194  gd32f1x0_rcu.o(.text)
    rcu_osci_on                              0x080018a3   Thumb Code    22  gd32f1x0_rcu.o(.text)
    rcu_osci_off                             0x080018b9   Thumb Code    22  gd32f1x0_rcu.o(.text)
    rcu_osci_bypass_mode_enable              0x080018cf   Thumb Code    54  gd32f1x0_rcu.o(.text)
    rcu_osci_bypass_mode_disable             0x08001905   Thumb Code    54  gd32f1x0_rcu.o(.text)
    rcu_hxtal_clock_monitor_enable           0x0800193b   Thumb Code    12  gd32f1x0_rcu.o(.text)
    rcu_hxtal_clock_monitor_disable          0x08001947   Thumb Code    12  gd32f1x0_rcu.o(.text)
    rcu_irc8m_adjust_value_set               0x08001953   Thumb Code    42  gd32f1x0_rcu.o(.text)
    rcu_irc14m_adjust_value_set              0x0800197d   Thumb Code    16  gd32f1x0_rcu.o(.text)
    rcu_voltage_key_unlock                   0x0800198d   Thumb Code    26  gd32f1x0_rcu.o(.text)
    rcu_deepsleep_voltage_set                0x080019a7   Thumb Code    26  gd32f1x0_rcu.o(.text)
    rcu_power_down_voltage_set               0x080019c1   Thumb Code    26  gd32f1x0_rcu.o(.text)
    rcu_clock_freq_get                       0x080019db   Thumb Code   330  gd32f1x0_rcu.o(.text)
    timer_deinit                             0x08001b49   Thumb Code   118  gd32f1x0_timer.o(.text)
    timer_init                               0x08001bbf   Thumb Code   116  gd32f1x0_timer.o(.text)
    timer_enable                             0x08001c33   Thumb Code    10  gd32f1x0_timer.o(.text)
    timer_disable                            0x08001c3d   Thumb Code    10  gd32f1x0_timer.o(.text)
    timer_auto_reload_shadow_enable          0x08001c47   Thumb Code    10  gd32f1x0_timer.o(.text)
    timer_auto_reload_shadow_disable         0x08001c51   Thumb Code    10  gd32f1x0_timer.o(.text)
    timer_update_event_enable                0x08001c5b   Thumb Code    10  gd32f1x0_timer.o(.text)
    timer_update_event_disable               0x08001c65   Thumb Code    10  gd32f1x0_timer.o(.text)
    timer_counter_alignment                  0x08001c6f   Thumb Code    16  gd32f1x0_timer.o(.text)
    timer_counter_up_direction               0x08001c7f   Thumb Code    14  gd32f1x0_timer.o(.text)
    timer_counter_down_direction             0x08001c8d   Thumb Code    18  gd32f1x0_timer.o(.text)
    timer_prescaler_config                   0x08001c9f   Thumb Code    16  gd32f1x0_timer.o(.text)
    timer_repetition_value_config            0x08001caf   Thumb Code     4  gd32f1x0_timer.o(.text)
    timer_autoreload_value_config            0x08001cb3   Thumb Code     4  gd32f1x0_timer.o(.text)
    timer_counter_value_config               0x08001cb7   Thumb Code     4  gd32f1x0_timer.o(.text)
    timer_counter_read                       0x08001cbb   Thumb Code     4  gd32f1x0_timer.o(.text)
    timer_prescaler_read                     0x08001cbf   Thumb Code     6  gd32f1x0_timer.o(.text)
    timer_single_pulse_mode_config           0x08001cc5   Thumb Code    24  gd32f1x0_timer.o(.text)
    timer_update_source_config               0x08001cdd   Thumb Code    24  gd32f1x0_timer.o(.text)
    timer_interrupt_enable                   0x08001cf5   Thumb Code     8  gd32f1x0_timer.o(.text)
    timer_interrupt_disable                  0x08001cfd   Thumb Code     8  gd32f1x0_timer.o(.text)
    timer_interrupt_flag_get                 0x08001d05   Thumb Code    24  gd32f1x0_timer.o(.text)
    timer_interrupt_flag_clear               0x08001d1d   Thumb Code     8  gd32f1x0_timer.o(.text)
    timer_flag_get                           0x08001d25   Thumb Code    12  gd32f1x0_timer.o(.text)
    timer_flag_clear                         0x08001d31   Thumb Code     8  gd32f1x0_timer.o(.text)
    timer_dma_enable                         0x08001d39   Thumb Code     8  gd32f1x0_timer.o(.text)
    timer_dma_disable                        0x08001d41   Thumb Code     8  gd32f1x0_timer.o(.text)
    timer_channel_dma_request_source_select  0x08001d49   Thumb Code    24  gd32f1x0_timer.o(.text)
    timer_dma_transfer_config                0x08001d61   Thumb Code    22  gd32f1x0_timer.o(.text)
    timer_event_software_generate            0x08001d77   Thumb Code     8  gd32f1x0_timer.o(.text)
    timer_break_config                       0x08001d7f   Thumb Code    32  gd32f1x0_timer.o(.text)
    timer_break_enable                       0x08001d9f   Thumb Code    10  gd32f1x0_timer.o(.text)
    timer_break_disable                      0x08001da9   Thumb Code     8  gd32f1x0_timer.o(.text)
    timer_automatic_output_enable            0x08001db1   Thumb Code    10  gd32f1x0_timer.o(.text)
    timer_automatic_output_disable           0x08001dbb   Thumb Code     8  gd32f1x0_timer.o(.text)
    timer_primary_output_config              0x08001dc3   Thumb Code    20  gd32f1x0_timer.o(.text)
    timer_channel_control_shadow_config      0x08001dd7   Thumb Code    20  gd32f1x0_timer.o(.text)
    timer_channel_control_shadow_update_config 0x08001deb   Thumb Code    24  gd32f1x0_timer.o(.text)
    timer_channel_output_config              0x08001e03   Thumb Code   450  gd32f1x0_timer.o(.text)
    timer_channel_output_mode_config         0x08001fc5   Thumb Code    78  gd32f1x0_timer.o(.text)
    timer_channel_output_pulse_value_config  0x08002013   Thumb Code    30  gd32f1x0_timer.o(.text)
    timer_channel_output_shadow_config       0x08002031   Thumb Code    78  gd32f1x0_timer.o(.text)
    timer_channel_output_fast_config         0x0800207f   Thumb Code    78  gd32f1x0_timer.o(.text)
    timer_channel_output_clear_config        0x080020cd   Thumb Code    78  gd32f1x0_timer.o(.text)
    timer_channel_output_polarity_config     0x0800211b   Thumb Code    78  gd32f1x0_timer.o(.text)
    timer_channel_complementary_output_polarity_config 0x08002169   Thumb Code    58  gd32f1x0_timer.o(.text)
    timer_ocpre_clear_source_config          0x080021a3   Thumb Code    26  gd32f1x0_timer.o(.text)
    timer_channel_output_state_config        0x080021bd   Thumb Code    78  gd32f1x0_timer.o(.text)
    timer_channel_complementary_output_state_config 0x0800220b   Thumb Code    58  gd32f1x0_timer.o(.text)
    timer_channel_input_capture_prescaler_config 0x08002245   Thumb Code    78  gd32f1x0_timer.o(.text)
    timer_input_capture_config               0x08002293   Thumb Code   298  gd32f1x0_timer.o(.text)
    timer_channel_capture_value_register_read 0x080023bd   Thumb Code    34  gd32f1x0_timer.o(.text)
    timer_input_pwm_capture_config           0x080023df   Thumb Code   328  gd32f1x0_timer.o(.text)
    timer_hall_mode_config                   0x08002527   Thumb Code    24  gd32f1x0_timer.o(.text)
    timer_input_trigger_source_select        0x0800253f   Thumb Code    16  gd32f1x0_timer.o(.text)
    timer_master_output_trigger_source_select 0x0800254f   Thumb Code    16  gd32f1x0_timer.o(.text)
    timer_slave_mode_select                  0x0800255f   Thumb Code    16  gd32f1x0_timer.o(.text)
    timer_master_slave_mode_config           0x0800256f   Thumb Code    24  gd32f1x0_timer.o(.text)
    timer_external_trigger_config            0x08002587   Thumb Code    28  gd32f1x0_timer.o(.text)
    timer_quadrature_decoder_mode_config     0x080025a3   Thumb Code    64  gd32f1x0_timer.o(.text)
    timer_internal_clock_config              0x080025e3   Thumb Code     8  gd32f1x0_timer.o(.text)
    timer_internal_trigger_as_external_clock_config 0x080025eb   Thumb Code    26  gd32f1x0_timer.o(.text)
    timer_external_trigger_as_external_clock_config 0x08002605   Thumb Code   154  gd32f1x0_timer.o(.text)
    timer_external_clock_mode0_config        0x0800269f   Thumb Code    42  gd32f1x0_timer.o(.text)
    timer_external_clock_mode1_config        0x080026c9   Thumb Code    18  gd32f1x0_timer.o(.text)
    timer_external_clock_mode1_disable       0x080026db   Thumb Code    10  gd32f1x0_timer.o(.text)
    timer_channel_remap_config               0x080026e5   Thumb Code     8  gd32f1x0_timer.o(.text)
    usart_deinit                             0x080026ed   Thumb Code    42  gd32f1x0_usart.o(.text)
    usart_baudrate_set                       0x08002717   Thumb Code    86  gd32f1x0_usart.o(.text)
    usart_parity_config                      0x0800276d   Thumb Code    24  gd32f1x0_usart.o(.text)
    usart_word_length_set                    0x08002785   Thumb Code    24  gd32f1x0_usart.o(.text)
    usart_stop_bit_set                       0x0800279d   Thumb Code    24  gd32f1x0_usart.o(.text)
    usart_enable                             0x080027b5   Thumb Code    10  gd32f1x0_usart.o(.text)
    usart_disable                            0x080027bf   Thumb Code    10  gd32f1x0_usart.o(.text)
    usart_transmit_config                    0x080027c9   Thumb Code    16  gd32f1x0_usart.o(.text)
    usart_receive_config                     0x080027d9   Thumb Code    16  gd32f1x0_usart.o(.text)
    usart_data_transmit                      0x080027e9   Thumb Code     8  gd32f1x0_usart.o(.text)
    usart_data_receive                       0x080027f1   Thumb Code     8  gd32f1x0_usart.o(.text)
    usart_data_first_config                  0x080027f9   Thumb Code    28  gd32f1x0_usart.o(.text)
    usart_invert_config                      0x08002815   Thumb Code    90  gd32f1x0_usart.o(.text)
    usart_overrun_enable                     0x0800286f   Thumb Code    18  gd32f1x0_usart.o(.text)
    usart_overrun_disable                    0x08002881   Thumb Code    18  gd32f1x0_usart.o(.text)
    usart_oversample_config                  0x08002893   Thumb Code    24  gd32f1x0_usart.o(.text)
    usart_sample_bit_config                  0x080028ab   Thumb Code    24  gd32f1x0_usart.o(.text)
    usart_autobaud_detection_enable          0x080028c3   Thumb Code    10  gd32f1x0_usart.o(.text)
    usart_autobaud_detection_disable         0x080028cd   Thumb Code    10  gd32f1x0_usart.o(.text)
    usart_autobaud_detection_mode_config     0x080028d7   Thumb Code    16  gd32f1x0_usart.o(.text)
    usart_mute_mode_enable                   0x080028e7   Thumb Code    10  gd32f1x0_usart.o(.text)
    usart_mute_mode_disable                  0x080028f1   Thumb Code    10  gd32f1x0_usart.o(.text)
    usart_mute_mode_wakeup_config            0x080028fb   Thumb Code    24  gd32f1x0_usart.o(.text)
    usart_address_detection_mode_config      0x08002913   Thumb Code    28  gd32f1x0_usart.o(.text)
    usart_address_config                     0x0800292f   Thumb Code    26  gd32f1x0_usart.o(.text)
    usart_receiver_timeout_enable            0x08002949   Thumb Code    10  gd32f1x0_usart.o(.text)
    usart_receiver_timeout_disable           0x08002953   Thumb Code    10  gd32f1x0_usart.o(.text)
    usart_receiver_timeout_config            0x0800295d   Thumb Code    16  gd32f1x0_usart.o(.text)
    usart_lin_mode_enable                    0x0800296d   Thumb Code    18  gd32f1x0_usart.o(.text)
    usart_lin_mode_disable                   0x0800297f   Thumb Code    18  gd32f1x0_usart.o(.text)
    usart_lin_break_dection_length_config    0x08002991   Thumb Code    20  gd32f1x0_usart.o(.text)
    usart_halfduplex_enable                  0x080029a5   Thumb Code    18  gd32f1x0_usart.o(.text)
    usart_halfduplex_disable                 0x080029b7   Thumb Code    18  gd32f1x0_usart.o(.text)
    usart_clock_enable                       0x080029c9   Thumb Code    18  gd32f1x0_usart.o(.text)
    usart_clock_disable                      0x080029db   Thumb Code    18  gd32f1x0_usart.o(.text)
    usart_synchronous_clock_config           0x080029ed   Thumb Code    50  gd32f1x0_usart.o(.text)
    usart_smartcard_mode_enable              0x08002a1f   Thumb Code    18  gd32f1x0_usart.o(.text)
    usart_smartcard_mode_disable             0x08002a31   Thumb Code    18  gd32f1x0_usart.o(.text)
    usart_smartcard_mode_nack_enable         0x08002a43   Thumb Code    18  gd32f1x0_usart.o(.text)
    usart_smartcard_mode_nack_disable        0x08002a55   Thumb Code    18  gd32f1x0_usart.o(.text)
    usart_guard_time_config                  0x08002a67   Thumb Code    32  gd32f1x0_usart.o(.text)
    usart_block_length_config                0x08002a87   Thumb Code    18  gd32f1x0_usart.o(.text)
    usart_smartcard_autoretry_config         0x08002a99   Thumb Code    32  gd32f1x0_usart.o(.text)
    usart_irda_mode_enable                   0x08002ab9   Thumb Code    24  gd32f1x0_usart.o(.text)
    usart_irda_mode_disable                  0x08002ad1   Thumb Code    18  gd32f1x0_usart.o(.text)
    usart_irda_lowpower_config               0x08002ae3   Thumb Code    20  gd32f1x0_usart.o(.text)
    usart_prescaler_config                   0x08002af7   Thumb Code    24  gd32f1x0_usart.o(.text)
    usart_hardware_flow_rts_config           0x08002b0f   Thumb Code    24  gd32f1x0_usart.o(.text)
    usart_hardware_flow_cts_config           0x08002b27   Thumb Code    24  gd32f1x0_usart.o(.text)
    usart_rs485_driver_enable                0x08002b3f   Thumb Code    18  gd32f1x0_usart.o(.text)
    usart_rs485_driver_disable               0x08002b51   Thumb Code    18  gd32f1x0_usart.o(.text)
    usart_driver_assertime_config            0x08002b63   Thumb Code    32  gd32f1x0_usart.o(.text)
    usart_driver_deassertime_config          0x08002b83   Thumb Code    32  gd32f1x0_usart.o(.text)
    usart_depolarity_config                  0x08002ba3   Thumb Code    28  gd32f1x0_usart.o(.text)
    usart_dma_receive_config                 0x08002bbf   Thumb Code    16  gd32f1x0_usart.o(.text)
    usart_dma_transmit_config                0x08002bcf   Thumb Code    16  gd32f1x0_usart.o(.text)
    usart_reception_error_dma_disable        0x08002bdf   Thumb Code    18  gd32f1x0_usart.o(.text)
    usart_reception_error_dma_enable         0x08002bf1   Thumb Code    18  gd32f1x0_usart.o(.text)
    usart_wakeup_enable                      0x08002c03   Thumb Code    10  gd32f1x0_usart.o(.text)
    usart_wakeup_disable                     0x08002c0d   Thumb Code    10  gd32f1x0_usart.o(.text)
    usart_wakeup_mode_config                 0x08002c17   Thumb Code    28  gd32f1x0_usart.o(.text)
    usart_flag_get                           0x08002c33   Thumb Code    22  gd32f1x0_usart.o(.text)
    usart_flag_clear                         0x08002c49   Thumb Code    16  gd32f1x0_usart.o(.text)
    usart_interrupt_enable                   0x08002c59   Thumb Code    22  gd32f1x0_usart.o(.text)
    usart_interrupt_disable                  0x08002c6f   Thumb Code    22  gd32f1x0_usart.o(.text)
    usart_command_enable                     0x08002c85   Thumb Code     8  gd32f1x0_usart.o(.text)
    usart_interrupt_flag_get                 0x08002c8d   Thumb Code    46  gd32f1x0_usart.o(.text)
    usart_interrupt_flag_clear               0x08002cbb   Thumb Code    16  gd32f1x0_usart.o(.text)
    nvic_priority_group_set                  0x08002ccd   Thumb Code    10  gd32f1x0_misc.o(.text)
    nvic_irq_enable                          0x08002cd7   Thumb Code   134  gd32f1x0_misc.o(.text)
    nvic_irq_disable                         0x08002d5d   Thumb Code    22  gd32f1x0_misc.o(.text)
    nvic_vector_table_set                    0x08002d73   Thumb Code    14  gd32f1x0_misc.o(.text)
    system_lowpower_set                      0x08002d81   Thumb Code    12  gd32f1x0_misc.o(.text)
    system_lowpower_reset                    0x08002d8d   Thumb Code    12  gd32f1x0_misc.o(.text)
    systick_clksource_set                    0x08002d99   Thumb Code    24  gd32f1x0_misc.o(.text)
    Reset_Handler                            0x08002dbd   Thumb Code     8  startup_gd32f1x0.o(.text)
    SysTick_Handler                          0x08002dd5   Thumb Code     2  startup_gd32f1x0.o(.text)
    ADC_CMP_IRQHandler                       0x08002dd7   Thumb Code     0  startup_gd32f1x0.o(.text)
    CAN0_RX0_IRQHandler                      0x08002dd7   Thumb Code     0  startup_gd32f1x0.o(.text)
    CAN0_RX1_IRQHandler                      0x08002dd7   Thumb Code     0  startup_gd32f1x0.o(.text)
    CAN0_SCE_IRQHandler                      0x08002dd7   Thumb Code     0  startup_gd32f1x0.o(.text)
    CAN0_TX_IRQHandler                       0x08002dd7   Thumb Code     0  startup_gd32f1x0.o(.text)
    CAN1_RX0_IRQHandler                      0x08002dd7   Thumb Code     0  startup_gd32f1x0.o(.text)
    CAN1_RX1_IRQHandler                      0x08002dd7   Thumb Code     0  startup_gd32f1x0.o(.text)
    CAN1_SCE_IRQHandler                      0x08002dd7   Thumb Code     0  startup_gd32f1x0.o(.text)
    CAN1_TX_IRQHandler                       0x08002dd7   Thumb Code     0  startup_gd32f1x0.o(.text)
    CEC_IRQHandler                           0x08002dd7   Thumb Code     0  startup_gd32f1x0.o(.text)
    DMA_Channel0_IRQHandler                  0x08002dd7   Thumb Code     0  startup_gd32f1x0.o(.text)
    DMA_Channel3_4_IRQHandler                0x08002dd7   Thumb Code     0  startup_gd32f1x0.o(.text)
    DMA_Channel5_6_IRQHandler                0x08002dd7   Thumb Code     0  startup_gd32f1x0.o(.text)
    EXTI0_1_IRQHandler                       0x08002dd7   Thumb Code     0  startup_gd32f1x0.o(.text)
    EXTI2_3_IRQHandler                       0x08002dd7   Thumb Code     0  startup_gd32f1x0.o(.text)
    EXTI4_15_IRQHandler                      0x08002dd7   Thumb Code     0  startup_gd32f1x0.o(.text)
    FMC_IRQHandler                           0x08002dd7   Thumb Code     0  startup_gd32f1x0.o(.text)
    I2C0_ER_IRQHandler                       0x08002dd7   Thumb Code     0  startup_gd32f1x0.o(.text)
    I2C0_EV_IRQHandler                       0x08002dd7   Thumb Code     0  startup_gd32f1x0.o(.text)
    I2C1_ER_IRQHandler                       0x08002dd7   Thumb Code     0  startup_gd32f1x0.o(.text)
    I2C1_EV_IRQHandler                       0x08002dd7   Thumb Code     0  startup_gd32f1x0.o(.text)
    I2C2_ER_IRQHandler                       0x08002dd7   Thumb Code     0  startup_gd32f1x0.o(.text)
    I2C2_EV_IRQHandler                       0x08002dd7   Thumb Code     0  startup_gd32f1x0.o(.text)
    LVD_IRQHandler                           0x08002dd7   Thumb Code     0  startup_gd32f1x0.o(.text)
    RCU_IRQHandler                           0x08002dd7   Thumb Code     0  startup_gd32f1x0.o(.text)
    RTC_IRQHandler                           0x08002dd7   Thumb Code     0  startup_gd32f1x0.o(.text)
    SLCD_IRQHandler                          0x08002dd7   Thumb Code     0  startup_gd32f1x0.o(.text)
    SPI0_IRQHandler                          0x08002dd7   Thumb Code     0  startup_gd32f1x0.o(.text)
    SPI1_IRQHandler                          0x08002dd7   Thumb Code     0  startup_gd32f1x0.o(.text)
    SPI2_IRQHandler                          0x08002dd7   Thumb Code     0  startup_gd32f1x0.o(.text)
    TIMER0_BRK_UP_TRG_COM_IRQHandler         0x08002dd7   Thumb Code     0  startup_gd32f1x0.o(.text)
    TIMER0_Channel_IRQHandler                0x08002dd7   Thumb Code     0  startup_gd32f1x0.o(.text)
    TIMER13_IRQHandler                       0x08002dd7   Thumb Code     0  startup_gd32f1x0.o(.text)
    TIMER14_IRQHandler                       0x08002dd7   Thumb Code     0  startup_gd32f1x0.o(.text)
    TIMER15_IRQHandler                       0x08002dd7   Thumb Code     0  startup_gd32f1x0.o(.text)
    TIMER16_IRQHandler                       0x08002dd7   Thumb Code     0  startup_gd32f1x0.o(.text)
    TIMER1_IRQHandler                        0x08002dd7   Thumb Code     0  startup_gd32f1x0.o(.text)
    TIMER2_IRQHandler                        0x08002dd7   Thumb Code     0  startup_gd32f1x0.o(.text)
    TIMER5_DAC_IRQHandler                    0x08002dd7   Thumb Code     0  startup_gd32f1x0.o(.text)
    TSI_IRQHandler                           0x08002dd7   Thumb Code     0  startup_gd32f1x0.o(.text)
    USART0_IRQHandler                        0x08002dd7   Thumb Code     0  startup_gd32f1x0.o(.text)
    USBDWakeUp_IRQHandler                    0x08002dd7   Thumb Code     0  startup_gd32f1x0.o(.text)
    USBD_HP_IRQHandler                       0x08002dd7   Thumb Code     0  startup_gd32f1x0.o(.text)
    USBD_LP_IRQHandler                       0x08002dd7   Thumb Code     0  startup_gd32f1x0.o(.text)
    WWDGT_IRQHandler                         0x08002dd7   Thumb Code     0  startup_gd32f1x0.o(.text)
    __aeabi_memcpy                           0x08002de1   Thumb Code    36  memcpya.o(.text)
    __aeabi_memcpy4                          0x08002de1   Thumb Code     0  memcpya.o(.text)
    __aeabi_memcpy8                          0x08002de1   Thumb Code     0  memcpya.o(.text)
    __aeabi_fadd                             0x08002e05   Thumb Code   164  fadd.o(.text)
    __aeabi_fsub                             0x08002ea9   Thumb Code     6  fadd.o(.text)
    __aeabi_frsub                            0x08002eaf   Thumb Code     6  fadd.o(.text)
    __aeabi_fmul                             0x08002eb5   Thumb Code   100  fmul.o(.text)
    __aeabi_fdiv                             0x08002f19   Thumb Code   124  fdiv.o(.text)
    __aeabi_dadd                             0x08002f95   Thumb Code   322  dadd.o(.text)
    __aeabi_dsub                             0x080030d7   Thumb Code     6  dadd.o(.text)
    __aeabi_drsub                            0x080030dd   Thumb Code     6  dadd.o(.text)
    __aeabi_dmul                             0x080030e3   Thumb Code   228  dmul.o(.text)
    __aeabi_i2f                              0x080031c7   Thumb Code    18  fflti.o(.text)
    __aeabi_ui2f                             0x080031d9   Thumb Code    10  ffltui.o(.text)
    __aeabi_ui2d                             0x080031e3   Thumb Code    26  dfltui.o(.text)
    __aeabi_f2uiz                            0x080031fd   Thumb Code    40  ffixui.o(.text)
    __aeabi_d2uiz                            0x08003225   Thumb Code    50  dfixui.o(.text)
    __aeabi_uldivmod                         0x08003257   Thumb Code    98  uldiv.o(.text)
    __aeabi_llsl                             0x080032b9   Thumb Code    30  llshl.o(.text)
    _ll_shift_l                              0x080032b9   Thumb Code     0  llshl.o(.text)
    __aeabi_llsr                             0x080032d7   Thumb Code    32  llushr.o(.text)
    _ll_ushift_r                             0x080032d7   Thumb Code     0  llushr.o(.text)
    __aeabi_lasr                             0x080032f7   Thumb Code    36  llsshr.o(.text)
    _ll_sshift_r                             0x080032f7   Thumb Code     0  llsshr.o(.text)
    __I$use$fp                               0x0800331b   Thumb Code     0  iusefp.o(.text)
    _float_round                             0x0800331b   Thumb Code    18  fepilogue.o(.text)
    _float_epilogue                          0x0800332d   Thumb Code    92  fepilogue.o(.text)
    _double_round                            0x08003389   Thumb Code    30  depilogue.o(.text)
    _double_epilogue                         0x080033a7   Thumb Code   156  depilogue.o(.text)
    __scatterload                            0x08003445   Thumb Code    28  init.o(.text)
    __scatterload_rt2                        0x08003445   Thumb Code     0  init.o(.text)
    __decompress                             0x08003469   Thumb Code     0  __dclz77c.o(.text)
    __decompress2                            0x08003469   Thumb Code    94  __dclz77c.o(.text)
    __0printf$5                              0x080034c9   Thumb Code    22  printf5.o(i.__0printf$5)
    __1printf$5                              0x080034c9   Thumb Code     0  printf5.o(i.__0printf$5)
    __2printf                                0x080034c9   Thumb Code     0  printf5.o(i.__0printf$5)
    __scatterload_copy                       0x080034e9   Thumb Code    14  handlers.o(i.__scatterload_copy)
    __scatterload_null                       0x080034f7   Thumb Code     2  handlers.o(i.__scatterload_null)
    __scatterload_zeroinit                   0x080034f9   Thumb Code    14  handlers.o(i.__scatterload_zeroinit)
    Region$$Table$$Base                      0x080037c8   Number         0  anon$$obj.o(Region$$Table)
    Region$$Table$$Limit                     0x080037e8   Number         0  anon$$obj.o(Region$$Table)
    Priority                                 0x20000000   Data           1  sg.o(.data)
    Priority1                                0x20000001   Data           1  sg.o(.data)
    Next_Priority                            0x20000002   Data           1  sg.o(.data)
    SG_Index                                 0x20000003   Data           1  sg.o(.data)
    SG_Index1                                0x20000004   Data           1  sg.o(.data)
    Cal_Flag                                 0x20000005   Data           1  sg.o(.data)
    Voice_Level                              0x20000006   Data           1  sg.o(.data)
    Voice_Level1                             0x20000007   Data           1  sg.o(.data)
    Td                                       0x20000008   Data           2  sg.o(.data)
    SW_Delay                                 0x2000000a   Data           2  sg.o(.data)
    SYS_K                                    0x2000000c   Data           4  sg.o(.data)
    A_ref                                    0x20000010   Data           4  sg.o(.data)
    SG_Time                                  0x20000014   Data           4  sg.o(.data)
    dA                                       0x20000018   Data           4  sg.o(.data)
    RAW_DATA                                 0x2000001c   Data         480  sg.o(.data)
    DMA_BUFF1                                0x200001fc   Data         480  sg.o(.data)
    DMA_BUFF2                                0x200003dc   Data         480  sg.o(.data)
    SG                                       0x200005bc   Data          32  sg.o(.data)
    UART_RX_Len                              0x200005dc   Data           1  driver.o(.data)
    UART_TX_Len                              0x200005dd   Data           1  driver.o(.data)
    UART_Receive_Cmd_Stastu                  0x200005de   Data           1  driver.o(.data)
    Buf_Busy                                 0x200005df   Data           1  driver.o(.data)
    SW_Buf                                   0x200005e0   Data           1  driver.o(.data)
    UART_CMD_Len                             0x200005e1   Data           1  driver.o(.data)
    dT                                       0x200005e4   Data           4  driver.o(.data)
    SystemCoreClock                          0x200005e8   Data           4  system_gd32f1x0.o(.data)
    __stdout                                 0x200005ec   Data           4  stdout.o(.data)
    High_Led                                 0x200005f0   Data          16  sg.o(.bss)
    Medium_Led                               0x20000600   Data          16  sg.o(.bss)
    UART_RX_BUF                              0x20000610   Data          50  driver.o(.bss)
    UART_TX_BUF                              0x20000642   Data          50  driver.o(.bss)
    __initial_sp                             0x20000a78   Data           0  startup_gd32f1x0.o(STACK)



==============================================================================

Memory Map of the image

  Image Entry point : 0x08000169

  Load Region LR_IROM1 (Base: 0x08000000, Size: 0x00003dd8, Max: 0x00010000, ABSOLUTE, COMPRESSED[0x00003be8])

    Execution Region ER_IROM1 (Base: 0x08000000, Size: 0x000037e8, Max: 0x00010000, ABSOLUTE)

    Base Addr    Size         Type   Attr      Idx    E Section Name        Object

    0x08000000   0x00000168   Data   RO          398    RESET               startup_gd32f1x0.o
    0x08000168   0x00000000   Code   RO          403  * .ARM.Collect$$$$00000000  mc_w.l(entry.o)
    0x08000168   0x00000004   Code   RO          691    .ARM.Collect$$$$00000001  mc_w.l(entry2.o)
    0x0800016c   0x00000004   Code   RO          694    .ARM.Collect$$$$00000004  mc_w.l(entry5.o)
    0x08000170   0x00000000   Code   RO          696    .ARM.Collect$$$$00000008  mc_w.l(entry7b.o)
    0x08000170   0x00000000   Code   RO          698    .ARM.Collect$$$$0000000A  mc_w.l(entry8b.o)
    0x08000170   0x00000008   Code   RO          699    .ARM.Collect$$$$0000000B  mc_w.l(entry9a.o)
    0x08000178   0x00000000   Code   RO          701    .ARM.Collect$$$$0000000D  mc_w.l(entry10a.o)
    0x08000178   0x00000000   Code   RO          703    .ARM.Collect$$$$0000000F  mc_w.l(entry11a.o)
    0x08000178   0x00000004   Code   RO          692    .ARM.Collect$$$$00002712  mc_w.l(entry2.o)
    0x0800017c   0x000000a0   Code   RO            3    .text               main.o
    0x0800021c   0x000007bc   Code   RO           91    .text               sg.o
    0x080009d8   0x00000436   Code   RO          119    .text               driver.o
    0x08000e0e   0x00000010   Code   RO          147    .text               gd32f1x0_it.o
    0x08000e1e   0x00000002   PAD
    0x08000e20   0x00000134   Code   RO          170    .text               system_gd32f1x0.o
    0x08000f54   0x00000134   Code   RO          196    .text               gd32f1x0_dac.o
    0x08001088   0x000002c4   Code   RO          236    .text               gd32f1x0_dma.o
    0x0800134c   0x000000a8   Code   RO          256    .text               gd32f1x0_fwdgt.o
    0x080013f4   0x0000018c   Code   RO          276    .text               gd32f1x0_gpio.o
    0x08001580   0x000005c8   Code   RO          296    .text               gd32f1x0_rcu.o
    0x08001b48   0x00000ba4   Code   RO          337    .text               gd32f1x0_timer.o
    0x080026ec   0x000005de   Code   RO          358    .text               gd32f1x0_usart.o
    0x08002cca   0x00000002   PAD
    0x08002ccc   0x000000f0   Code   RO          378    .text               gd32f1x0_misc.o
    0x08002dbc   0x00000024   Code   RO          399    .text               startup_gd32f1x0.o
    0x08002de0   0x00000024   Code   RO          406    .text               mc_w.l(memcpya.o)
    0x08002e04   0x000000b0   Code   RO          671    .text               mf_w.l(fadd.o)
    0x08002eb4   0x00000064   Code   RO          673    .text               mf_w.l(fmul.o)
    0x08002f18   0x0000007c   Code   RO          675    .text               mf_w.l(fdiv.o)
    0x08002f94   0x0000014e   Code   RO          677    .text               mf_w.l(dadd.o)
    0x080030e2   0x000000e4   Code   RO          679    .text               mf_w.l(dmul.o)
    0x080031c6   0x00000012   Code   RO          681    .text               mf_w.l(fflti.o)
    0x080031d8   0x0000000a   Code   RO          683    .text               mf_w.l(ffltui.o)
    0x080031e2   0x0000001a   Code   RO          685    .text               mf_w.l(dfltui.o)
    0x080031fc   0x00000028   Code   RO          687    .text               mf_w.l(ffixui.o)
    0x08003224   0x00000032   Code   RO          689    .text               mf_w.l(dfixui.o)
    0x08003256   0x00000062   Code   RO          708    .text               mc_w.l(uldiv.o)
    0x080032b8   0x0000001e   Code   RO          710    .text               mc_w.l(llshl.o)
    0x080032d6   0x00000020   Code   RO          712    .text               mc_w.l(llushr.o)
    0x080032f6   0x00000024   Code   RO          714    .text               mc_w.l(llsshr.o)
    0x0800331a   0x00000000   Code   RO          716    .text               mc_w.l(iusefp.o)
    0x0800331a   0x0000006e   Code   RO          717    .text               mf_w.l(fepilogue.o)
    0x08003388   0x000000ba   Code   RO          719    .text               mf_w.l(depilogue.o)
    0x08003442   0x00000002   PAD
    0x08003444   0x00000024   Code   RO          727    .text               mc_w.l(init.o)
    0x08003468   0x0000005e   Code   RO          737    .text               mc_w.l(__dclz77c.o)
    0x080034c6   0x00000002   PAD
    0x080034c8   0x00000020   Code   RO          543    i.__0printf$5       mc_w.l(printf5.o)
    0x080034e8   0x0000000e   Code   RO          731    i.__scatterload_copy  mc_w.l(handlers.o)
    0x080034f6   0x00000002   Code   RO          732    i.__scatterload_null  mc_w.l(handlers.o)
    0x080034f8   0x0000000e   Code   RO          733    i.__scatterload_zeroinit  mc_w.l(handlers.o)
    0x08003506   0x00000002   PAD
    0x08003508   0x000002c0   Code   RO          550    i._printf_core      mc_w.l(printf5.o)
    0x080037c8   0x00000020   Data   RO          729    Region$$Table       anon$$obj.o


    Execution Region RW_IRAM1 (Base: 0x20000000, Size: 0x00000a78, Max: 0x00002000, ABSOLUTE, COMPRESSED[0x00000400])

    Base Addr    Size         Type   Attr      Idx    E Section Name        Object

    0x20000000   0x000005dc   Data   RW           94    .data               sg.o
    0x200005dc   0x00000006   Data   RW          121    .data               driver.o
    0x200005e2   0x00000002   PAD
    0x200005e4   0x00000004   Data   RW          122    .data               driver.o
    0x200005e8   0x00000004   Data   RW          171    .data               system_gd32f1x0.o
    0x200005ec   0x00000004   Data   RW          705    .data               mc_w.l(stdout.o)
    0x200005f0   0x00000020   Zero   RW           92    .bss                sg.o
    0x20000610   0x00000064   Zero   RW          120    .bss                driver.o
    0x20000674   0x00000004   PAD
    0x20000678   0x00000400   Zero   RW          396    STACK               startup_gd32f1x0.o


==============================================================================

Image component sizes


      Code (inc. data)   RO Data    RW Data    ZI Data      Debug   Object Name

      1078         40          0         10        100       3622   driver.o
       308          6          0          0          0       3228   gd32f1x0_dac.o
       708          4          0          0          0       5807   gd32f1x0_dma.o
       168         10          0          0          0       1670   gd32f1x0_fwdgt.o
       396          8          0          0          0       3665   gd32f1x0_gpio.o
        16          0          0          0          0       1138   gd32f1x0_it.o
       240         12          0          0          0       1945   gd32f1x0_misc.o
      1480         76          0          0          0       9522   gd32f1x0_rcu.o
      2980         24          0          0          0      18282   gd32f1x0_timer.o
      1502         14          0          0          0      14109   gd32f1x0_usart.o
       160         28          0          0          0      59503   main.o
      1980         90          0       1500         32       4558   sg.o
        36          8        360          0       1024        848   startup_gd32f1x0.o
       308         52          0          4          0       1929   system_gd32f1x0.o

    ----------------------------------------------------------------------
     11364        372        392       1516       1160     129826   Object Totals
         0          0         32          0          0          0   (incl. Generated)
         4          0          0          2          4          0   (incl. Padding)

    ----------------------------------------------------------------------

      Code (inc. data)   RO Data    RW Data    ZI Data      Debug   Library Member Name

        94          0          0          0          0          0   __dclz77c.o
         0          0          0          0          0          0   entry.o
         0          0          0          0          0          0   entry10a.o
         0          0          0          0          0          0   entry11a.o
         8          4          0          0          0          0   entry2.o
         4          0          0          0          0          0   entry5.o
         0          0          0          0          0          0   entry7b.o
         0          0          0          0          0          0   entry8b.o
         8          4          0          0          0          0   entry9a.o
        30          0          0          0          0          0   handlers.o
        36          8          0          0          0         68   init.o
         0          0          0          0          0          0   iusefp.o
        30          0          0          0          0         68   llshl.o
        36          0          0          0          0         68   llsshr.o
        32          0          0          0          0         68   llushr.o
        36          0          0          0          0         68   memcpya.o
       736         56          0          0          0        184   printf5.o
         0          0          0          4          0          0   stdout.o
        98          0          0          0          0         92   uldiv.o
       334          0          0          0          0        148   dadd.o
       186          0          0          0          0        176   depilogue.o
        50          0          0          0          0         76   dfixui.o
        26          0          0          0          0         76   dfltui.o
       228          0          0          0          0         96   dmul.o
       176          0          0          0          0        140   fadd.o
       124          0          0          0          0         88   fdiv.o
       110          0          0          0          0        168   fepilogue.o
        40          0          0          0          0         68   ffixui.o
        18          0          0          0          0         68   fflti.o
        10          0          0          0          0         68   ffltui.o
       100          0          0          0          0         76   fmul.o

    ----------------------------------------------------------------------
      2556         72          0          4          0       1864   Library Totals
         6          0          0          0          0          0   (incl. Padding)

    ----------------------------------------------------------------------

      Code (inc. data)   RO Data    RW Data    ZI Data      Debug   Library Name

      1148         72          0          4          0        616   mc_w.l
      1402          0          0          0          0       1248   mf_w.l

    ----------------------------------------------------------------------
      2556         72          0          4          0       1864   Library Totals

    ----------------------------------------------------------------------

==============================================================================


      Code (inc. data)   RO Data    RW Data    ZI Data      Debug   

     13920        444        392       1520       1160     129114   Grand Totals
     13920        444        392       1024       1160     129114   ELF Image Totals (compressed)
     13920        444        392       1024          0          0   ROM Totals

==============================================================================

    Total RO  Size (Code + RO Data)                14312 (  13.98kB)
    Total RW  Size (RW Data + ZI Data)              2680 (   2.62kB)
    Total ROM Size (Code + RO Data + RW Data)      15336 (  14.98kB)

==============================================================================

